Archive member included to satisfy reference by file (symbol)

c:/program files (x86)/atollic/truestudio for stm32 9.2.0/armtools/bin/../lib/gcc/arm-atollic-eabi/6.3.1/../../../../arm-atollic-eabi/lib/armv6-m\libc_nano.a(lib_a-init.o)
                              Projects\SW4STM32\startup_stm32l072xx.o (__libc_init_array)
c:/program files (x86)/atollic/truestudio for stm32 9.2.0/armtools/bin/../lib/gcc/arm-atollic-eabi/6.3.1/../../../../arm-atollic-eabi/lib/armv6-m\libc_nano.a(lib_a-memcpy-stub.o)
                              Projects\src\main.o (memcpy)
c:/program files (x86)/atollic/truestudio for stm32 9.2.0/armtools/bin/../lib/gcc/arm-atollic-eabi/6.3.1/../../../../arm-atollic-eabi/lib/armv6-m\libc_nano.a(lib_a-memset.o)
                              Drivers\BSP\Components\sx1276.o (memset)
c:/program files (x86)/atollic/truestudio for stm32 9.2.0/armtools/bin/../lib/gcc/arm-atollic-eabi/6.3.1/../../../../arm-atollic-eabi/lib/armv6-m\libc_nano.a(lib_a-nano-vfprintf_float.o)
                              (_printf_float)
c:/program files (x86)/atollic/truestudio for stm32 9.2.0/armtools/bin/../lib/gcc/arm-atollic-eabi/6.3.1/../../../../arm-atollic-eabi/lib/armv6-m\libc_nano.a(lib_a-nano-vfprintf_i.o)
                              c:/program files (x86)/atollic/truestudio for stm32 9.2.0/armtools/bin/../lib/gcc/arm-atollic-eabi/6.3.1/../../../../arm-atollic-eabi/lib/armv6-m\libc_nano.a(lib_a-nano-vfprintf_float.o) (_printf_common)
c:/program files (x86)/atollic/truestudio for stm32 9.2.0/armtools/bin/../lib/gcc/arm-atollic-eabi/6.3.1/../../../../arm-atollic-eabi/lib/armv6-m\libc_nano.a(lib_a-strlen.o)
                              c:/program files (x86)/atollic/truestudio for stm32 9.2.0/armtools/bin/../lib/gcc/arm-atollic-eabi/6.3.1/../../../../arm-atollic-eabi/lib/armv6-m\libc_nano.a(lib_a-nano-vfprintf_float.o) (strlen)
c:/program files (x86)/atollic/truestudio for stm32 9.2.0/armtools/bin/../lib/gcc/arm-atollic-eabi/6.3.1/../../../../arm-atollic-eabi/lib/armv6-m\libc_nano.a(lib_a-vsprintf.o)
                              Projects\src\vcom.o (vsprintf)
c:/program files (x86)/atollic/truestudio for stm32 9.2.0/armtools/bin/../lib/gcc/arm-atollic-eabi/6.3.1/../../../../arm-atollic-eabi/lib/armv6-m\libc_nano.a(lib_a-dtoa.o)
                              c:/program files (x86)/atollic/truestudio for stm32 9.2.0/armtools/bin/../lib/gcc/arm-atollic-eabi/6.3.1/../../../../arm-atollic-eabi/lib/armv6-m\libc_nano.a(lib_a-nano-vfprintf_float.o) (_dtoa_r)
c:/program files (x86)/atollic/truestudio for stm32 9.2.0/armtools/bin/../lib/gcc/arm-atollic-eabi/6.3.1/../../../../arm-atollic-eabi/lib/armv6-m\libc_nano.a(lib_a-impure.o)
                              c:/program files (x86)/atollic/truestudio for stm32 9.2.0/armtools/bin/../lib/gcc/arm-atollic-eabi/6.3.1/../../../../arm-atollic-eabi/lib/armv6-m\libc_nano.a(lib_a-vsprintf.o) (_impure_ptr)
c:/program files (x86)/atollic/truestudio for stm32 9.2.0/armtools/bin/../lib/gcc/arm-atollic-eabi/6.3.1/../../../../arm-atollic-eabi/lib/armv6-m\libc_nano.a(lib_a-localeconv.o)
                              c:/program files (x86)/atollic/truestudio for stm32 9.2.0/armtools/bin/../lib/gcc/arm-atollic-eabi/6.3.1/../../../../arm-atollic-eabi/lib/armv6-m\libc_nano.a(lib_a-nano-vfprintf_float.o) (_localeconv_r)
c:/program files (x86)/atollic/truestudio for stm32 9.2.0/armtools/bin/../lib/gcc/arm-atollic-eabi/6.3.1/../../../../arm-atollic-eabi/lib/armv6-m\libc_nano.a(lib_a-malloc.o)
                              c:/program files (x86)/atollic/truestudio for stm32 9.2.0/armtools/bin/../lib/gcc/arm-atollic-eabi/6.3.1/../../../../arm-atollic-eabi/lib/armv6-m\libc_nano.a(lib_a-dtoa.o) (malloc)
c:/program files (x86)/atollic/truestudio for stm32 9.2.0/armtools/bin/../lib/gcc/arm-atollic-eabi/6.3.1/../../../../arm-atollic-eabi/lib/armv6-m\libc_nano.a(lib_a-memchr-stub.o)
                              c:/program files (x86)/atollic/truestudio for stm32 9.2.0/armtools/bin/../lib/gcc/arm-atollic-eabi/6.3.1/../../../../arm-atollic-eabi/lib/armv6-m\libc_nano.a(lib_a-nano-vfprintf_i.o) (memchr)
c:/program files (x86)/atollic/truestudio for stm32 9.2.0/armtools/bin/../lib/gcc/arm-atollic-eabi/6.3.1/../../../../arm-atollic-eabi/lib/armv6-m\libc_nano.a(lib_a-mprec.o)
                              c:/program files (x86)/atollic/truestudio for stm32 9.2.0/armtools/bin/../lib/gcc/arm-atollic-eabi/6.3.1/../../../../arm-atollic-eabi/lib/armv6-m\libc_nano.a(lib_a-dtoa.o) (_Balloc)
c:/program files (x86)/atollic/truestudio for stm32 9.2.0/armtools/bin/../lib/gcc/arm-atollic-eabi/6.3.1/../../../../arm-atollic-eabi/lib/armv6-m\libc_nano.a(lib_a-nano-callocr.o)
                              c:/program files (x86)/atollic/truestudio for stm32 9.2.0/armtools/bin/../lib/gcc/arm-atollic-eabi/6.3.1/../../../../arm-atollic-eabi/lib/armv6-m\libc_nano.a(lib_a-mprec.o) (_calloc_r)
[...]
Memory Configuration

Name             Origin             Length             Attributes
RAM              0x20000000         0x00004000         xrw
FLASH            0x08000000         0x00018000         xr
*default*        0x00000000         0xffffffff

Linker script and memory map

LOAD c:/program files (x86)/atollic/truestudio for stm32 9.2.0/armtools/bin/../lib/gcc/arm-atollic-eabi/6.3.1/armv6-m/crti.o
LOAD c:/program files (x86)/atollic/truestudio for stm32 9.2.0/armtools/bin/../lib/gcc/arm-atollic-eabi/6.3.1/armv6-m/crtbegin.o
LOAD Drivers\BSP\B_L072Z_LRWAN1\b-l072z-lrwan1.o
LOAD Drivers\BSP\Components\sx1276.o
LOAD Drivers\BSP\MLM32L07X01\mlm32l07x01.o
LOAD Drivers\CMSIS\system_stm32l0xx.o
LOAD Drivers\STM32L0xx_HAL_Driver\stm32l0xx_hal.o
LOAD Drivers\STM32L0xx_HAL_Driver\stm32l0xx_hal_adc.o
LOAD Drivers\STM32L0xx_HAL_Driver\stm32l0xx_hal_adc_ex.o
LOAD Drivers\STM32L0xx_HAL_Driver\stm32l0xx_hal_comp.o
LOAD Drivers\STM32L0xx_HAL_Driver\stm32l0xx_hal_comp_ex.o
LOAD Drivers\STM32L0xx_HAL_Driver\stm32l0xx_hal_cortex.o
LOAD Drivers\STM32L0xx_HAL_Driver\stm32l0xx_hal_dma.o
LOAD Drivers\STM32L0xx_HAL_Driver\stm32l0xx_hal_gpio.o
LOAD Drivers\STM32L0xx_HAL_Driver\stm32l0xx_hal_i2c.o
LOAD Drivers\STM32L0xx_HAL_Driver\stm32l0xx_hal_iwdg.o
LOAD Drivers\STM32L0xx_HAL_Driver\stm32l0xx_hal_pwr.o
LOAD Drivers\STM32L0xx_HAL_Driver\stm32l0xx_hal_pwr_ex.o
LOAD Drivers\STM32L0xx_HAL_Driver\stm32l0xx_hal_rcc.o
LOAD Drivers\STM32L0xx_HAL_Driver\stm32l0xx_hal_rcc_ex.o
LOAD Drivers\STM32L0xx_HAL_Driver\stm32l0xx_hal_rtc.o
LOAD Drivers\STM32L0xx_HAL_Driver\stm32l0xx_hal_rtc_ex.o
LOAD Drivers\STM32L0xx_HAL_Driver\stm32l0xx_hal_spi.o
LOAD Drivers\STM32L0xx_HAL_Driver\stm32l0xx_hal_tim.o
LOAD Drivers\STM32L0xx_HAL_Driver\stm32l0xx_hal_tim_ex.o
LOAD Drivers\STM32L0xx_HAL_Driver\stm32l0xx_hal_uart.o
LOAD Drivers\STM32L0xx_HAL_Driver\stm32l0xx_hal_uart_ex.o
LOAD Middlewares\Lora\Utilities\delay.o
LOAD Middlewares\Lora\Utilities\low_power_manager.o
LOAD Middlewares\Lora\Utilities\timeServer.o
LOAD Middlewares\Lora\Utilities\utilities.o
LOAD Projects\SW4STM32\startup_stm32l072xx.o
LOAD Projects\src\debug.o
LOAD Projects\src\ev_queue.o
LOAD Projects\src\hw_gpio.o
LOAD Projects\src\hw_rtc.o
LOAD Projects\src\hw_spi.o
LOAD Projects\src\main.o
LOAD Projects\src\mlm32l0xx_hal_msp.o
LOAD Projects\src\mlm32l0xx_hw.o
LOAD Projects\src\mlm32l0xx_it.o
LOAD Projects\src\node_msgs.o
LOAD Projects\src\vcom.o
                0x00000080                malloc_getpagesize_P = 0x80
START GROUP
LOAD c:/program files (x86)/atollic/truestudio for stm32 9.2.0/armtools/bin/../lib/gcc/arm-atollic-eabi/6.3.1/../../../../arm-atollic-eabi/lib/armv6-m\libc_nano.a
LOAD c:/program files (x86)/atollic/truestudio for stm32 9.2.0/armtools/bin/../lib/gcc/arm-atollic-eabi/6.3.1/../../../../arm-atollic-eabi/lib/armv6-m\libm.a
END GROUP
START GROUP
LOAD c:/program files (x86)/atollic/truestudio for stm32 9.2.0/armtools/bin/../lib/gcc/arm-atollic-eabi/6.3.1/armv6-m\libgcc.a
LOAD c:/program files (x86)/atollic/truestudio for stm32 9.2.0/armtools/bin/../lib/gcc/arm-atollic-eabi/6.3.1/../../../../arm-atollic-eabi/lib/armv6-m\libc_nano.a
END GROUP
START GROUP
LOAD c:/program files (x86)/atollic/truestudio for stm32 9.2.0/armtools/bin/../lib/gcc/arm-atollic-eabi/6.3.1/armv6-m\libgcc.a
LOAD c:/program files (x86)/atollic/truestudio for stm32 9.2.0/armtools/bin/../lib/gcc/arm-atollic-eabi/6.3.1/../../../../arm-atollic-eabi/lib/armv6-m\libc_nano.a
LOAD c:/program files (x86)/atollic/truestudio for stm32 9.2.0/armtools/bin/../lib/gcc/arm-atollic-eabi/6.3.1/../../../../arm-atollic-eabi/lib/armv6-m\libnosys.a
END GROUP
START GROUP
LOAD c:/program files (x86)/atollic/truestudio for stm32 9.2.0/armtools/bin/../lib/gcc/arm-atollic-eabi/6.3.1/armv6-m\libgcc.a
LOAD c:/program files (x86)/atollic/truestudio for stm32 9.2.0/armtools/bin/../lib/gcc/arm-atollic-eabi/6.3.1/../../../../arm-atollic-eabi/lib/armv6-m\libc_nano.a
LOAD c:/program files (x86)/atollic/truestudio for stm32 9.2.0/armtools/bin/../lib/gcc/arm-atollic-eabi/6.3.1/../../../../arm-atollic-eabi/lib/armv6-m\libnosys.a
END GROUP
LOAD c:/program files (x86)/atollic/truestudio for stm32 9.2.0/armtools/bin/../lib/gcc/arm-atollic-eabi/6.3.1/armv6-m/crtend.o
LOAD c:/program files (x86)/atollic/truestudio for stm32 9.2.0/armtools/bin/../lib/gcc/arm-atollic-eabi/6.3.1/armv6-m/crtn.o
                0x20005000                _estack = 0x20005000
                0x00000200                _Min_Heap_Size = 0x200
                0x00000400                _Min_Stack_Size = 0x400

.isr_vector     0x08000000       0xc0
                0x08000000                . = ALIGN (0x4)
 *(.isr_vector)
 .isr_vector    0x08000000       0xc0 Projects\SW4STM32\startup_stm32l072xx.o
                0x08000000                g_pfnVectors
                0x080000c0                . = ALIGN (0x4)

.text           0x080000c0     0xa204
                0x080000c0                . = ALIGN (0x4)
 *(.text)
 .text          0x080000c0       0x48 c:/program files (x86)/atollic/truestudio for stm32 9.2.0/armtools/bin/../lib/gcc/arm-atollic-eabi/6.3.1/armv6-m/crtbegin.o
 .text          0x08000108        0xe c:/program files (x86)/atollic/truestudio for stm32 9.2.0/armtools/bin/../lib/gcc/arm-atollic-eabi/6.3.1/../../../../arm-atollic-eabi/lib/armv6-m\libc_nano.a(lib_a-strlen.o)
                0x08000108                strlen
 *fill*         0x08000116        0x2 
 .text          0x08000118       0x14 c:/program files (x86)/atollic/truestudio for stm32 9.2.0/armtools/bin/../lib/gcc/arm-atollic-eabi/6.3.1/armv6-m\libgcc.a(_thumb1_case_uqi.o)
                0x08000118                __gnu_thumb1_case_uqi
 .text          0x0800012c      0x114 c:/program files (x86)/atollic/truestudio for stm32 9.2.0/armtools/bin/../lib/gcc/arm-atollic-eabi/6.3.1/armv6-m\libgcc.a(_udivsi3.o)
                0x0800012c                __aeabi_uidiv
                0x0800012c                __udivsi3
                0x08000238                __aeabi_uidivmod
 .text          0x08000240      0x1d4 c:/program files (x86)/atollic/truestudio for stm32 9.2.0/armtools/bin/../lib/gcc/arm-atollic-eabi/6.3.1/armv6-m\libgcc.a(_divsi3.o)
                0x08000240                __divsi3
                0x08000240                __aeabi_idiv
                0x0800040c                __aeabi_idivmod
 .text          0x08000414        0x4 c:/program files (x86)/atollic/truestudio for stm32 9.2.0/armtools/bin/../lib/gcc/arm-atollic-eabi/6.3.1/armv6-m\libgcc.a(_dvmd_tls.o)
                0x08000414                __aeabi_idiv0
                0x08000414                __aeabi_ldiv0
 .text          0x08000418       0x7c c:/program files (x86)/atollic/truestudio for stm32 9.2.0/armtools/bin/../lib/gcc/arm-atollic-eabi/6.3.1/armv6-m\libgcc.a(_arm_cmpdf2.o)
                0x08000418                __aeabi_cdrcmple
                0x08000428                __aeabi_cdcmple
                0x08000428                __aeabi_cdcmpeq
                0x08000438                __aeabi_dcmpeq
                0x08000444                __aeabi_dcmplt
                0x08000458                __aeabi_dcmple
                0x0800046c                __aeabi_dcmpgt
                0x08000480                __aeabi_dcmpge
 .text          0x08000494       0x40 c:/program files (x86)/atollic/truestudio for stm32 9.2.0/armtools/bin/../lib/gcc/arm-atollic-eabi/6.3.1/armv6-m\libgcc.a(_aeabi_uldivmod.o)
                0x08000494                __aeabi_uldivmod
 .text          0x080004d4       0x3c c:/program files (x86)/atollic/truestudio for stm32 9.2.0/armtools/bin/../lib/gcc/arm-atollic-eabi/6.3.1/armv6-m\libgcc.a(_fixunsdfsi.o)
                0x080004d4                __aeabi_d2uiz
                0x080004d4                __fixunsdfsi
 .text          0x08000510      0x180 c:/program files (x86)/atollic/truestudio for stm32 9.2.0/armtools/bin/../lib/gcc/arm-atollic-eabi/6.3.1/armv6-m\libgcc.a(_udivmoddi4.o)
                0x08000510                __udivmoddi4
 .text          0x08000690      0x620 c:/program files (x86)/atollic/truestudio for stm32 9.2.0/armtools/bin/../lib/gcc/arm-atollic-eabi/6.3.1/armv6-m\libgcc.a(adddf3.o)
                0x08000690                __aeabi_dadd
 .text          0x08000cb0      0x668 c:/program files (x86)/atollic/truestudio for stm32 9.2.0/armtools/bin/../lib/gcc/arm-atollic-eabi/6.3.1/armv6-m\libgcc.a(divdf3.o)
                0x08000cb0                __aeabi_ddiv
 .text          0x08001318       0x74 c:/program files (x86)/atollic/truestudio for stm32 9.2.0/armtools/bin/../lib/gcc/arm-atollic-eabi/6.3.1/armv6-m\libgcc.a(eqdf2.o)
                0x08001318                __nedf2
                0x08001318                __eqdf2
 .text          0x0800138c       0xc8 c:/program files (x86)/atollic/truestudio for stm32 9.2.0/armtools/bin/../lib/gcc/arm-atollic-eabi/6.3.1/armv6-m\libgcc.a(gedf2.o)
                0x0800138c                __gedf2
                0x0800138c                __gtdf2
 .text          0x08001454       0xc4 c:/program files (x86)/atollic/truestudio for stm32 9.2.0/armtools/bin/../lib/gcc/arm-atollic-eabi/6.3.1/armv6-m\libgcc.a(ledf2.o)
                0x08001454                __ledf2
                0x08001454                __ltdf2
 .text          0x08001518      0x500 c:/program files (x86)/atollic/truestudio for stm32 9.2.0/armtools/bin/../lib/gcc/arm-atollic-eabi/6.3.1/armv6-m\libgcc.a(muldf3.o)
                0x08001518                __aeabi_dmul
 .text          0x08001a18      0x62c c:/program files (x86)/atollic/truestudio for stm32 9.2.0/armtools/bin/../lib/gcc/arm-atollic-eabi/6.3.1/armv6-m\libgcc.a(subdf3.o)
                0x08001a18                __aeabi_dsub
 .text          0x08002044       0x40 c:/program files (x86)/atollic/truestudio for stm32 9.2.0/armtools/bin/../lib/gcc/arm-atollic-eabi/6.3.1/armv6-m\libgcc.a(unorddf2.o)
                0x08002044                __aeabi_dcmpun
 .text          0x08002084       0x68 c:/program files (x86)/atollic/truestudio for stm32 9.2.0/armtools/bin/../lib/gcc/arm-atollic-eabi/6.3.1/armv6-m\libgcc.a(fixdfsi.o)
                0x08002084                __aeabi_d2iz
 .text          0x080020ec       0x84 c:/program files (x86)/atollic/truestudio for stm32 9.2.0/armtools/bin/../lib/gcc/arm-atollic-eabi/6.3.1/armv6-m\libgcc.a(floatsidf.o)
                0x080020ec                __aeabi_i2d
 .text          0x08002170       0x70 c:/program files (x86)/atollic/truestudio for stm32 9.2.0/armtools/bin/../lib/gcc/arm-atollic-eabi/6.3.1/armv6-m\libgcc.a(floatunsidf.o)
                0x08002170                __aeabi_ui2d
 .text          0x080021e0       0x3c c:/program files (x86)/atollic/truestudio for stm32 9.2.0/armtools/bin/../lib/gcc/arm-atollic-eabi/6.3.1/armv6-m\libgcc.a(_clzsi2.o)
                0x080021e0                __clzsi2
 .text          0x0800221c       0x18 c:/program files (x86)/atollic/truestudio for stm32 9.2.0/armtools/bin/../lib/gcc/arm-atollic-eabi/6.3.1/armv6-m\libgcc.a(_clzdi2.o)
                0x0800221c                __clzdi2
 *(.text*)
 .text.BSP_LED_Init
                0x08002234       0x94 Drivers\BSP\B_L072Z_LRWAN1\b-l072z-lrwan1.o
                0x08002234                BSP_LED_Init
 .text.BSP_LED_On
                0x080022c8       0x20 Drivers\BSP\B_L072Z_LRWAN1\b-l072z-lrwan1.o
                0x080022c8                BSP_LED_On
 .text.BSP_LED_Off
                0x080022e8       0x20 Drivers\BSP\B_L072Z_LRWAN1\b-l072z-lrwan1.o
                0x080022e8                BSP_LED_Off
 .text.GetFskBandwidthRegValue
                0x08002308       0x34 Drivers\BSP\Components\sx1276.o
 .text.SX1276OnDio4Irq
                0x0800233c       0x20 Drivers\BSP\Components\sx1276.o
                0x0800233c                SX1276OnDio4Irq
 .text.SX1276BoardInit
                0x0800235c        0xc Drivers\BSP\Components\sx1276.o
                0x0800235c                SX1276BoardInit
 .text.SX1276GetStatus
                0x08002368        0xc Drivers\BSP\Components\sx1276.o
                0x08002368                SX1276GetStatus
 .text.SX1276Reset
                0x08002374       0x50 Drivers\BSP\Components\sx1276.o
                0x08002374                SX1276Reset
 .text.SX1276WriteBuffer
                0x080023c4       0x44 Drivers\BSP\Components\sx1276.o
                0x080023c4                SX1276WriteBuffer
 .text.SX1276Write
                0x08002408       0x16 Drivers\BSP\Components\sx1276.o
                0x08002408                SX1276Write
 *fill*         0x0800241e        0x2 
 .text.SX1276SetChannel
                0x08002420       0x54 Drivers\BSP\Components\sx1276.o
                0x08002420                SX1276SetChannel
 .text.SX1276ReadBuffer
                0x08002474       0x44 Drivers\BSP\Components\sx1276.o
                0x08002474                SX1276ReadBuffer
 .text.SX1276Read
                0x080024b8       0x16 Drivers\BSP\Components\sx1276.o
                0x080024b8                SX1276Read
 *fill*         0x080024ce        0x2 
 .text.RxChainCalibration
                0x080024d0       0x94 Drivers\BSP\Components\sx1276.o
                0x080024d0                RxChainCalibration
 .text.SX1276GetTimeOnAir
                0x08002564      0x230 Drivers\BSP\Components\sx1276.o
                0x08002564                SX1276GetTimeOnAir
 .text.SX1276ReadRssi
                0x08002794       0x50 Drivers\BSP\Components\sx1276.o
                0x08002794                SX1276ReadRssi
 .text.SX1276SetOpMode
                0x080027e4       0x68 Drivers\BSP\Components\sx1276.o
                0x080027e4                SX1276SetOpMode
 .text.SX1276SetSleep
                0x0800284c       0x28 Drivers\BSP\Components\sx1276.o
                0x0800284c                SX1276SetSleep
 .text.SX1276SetStby
                0x08002874       0x28 Drivers\BSP\Components\sx1276.o
                0x08002874                SX1276SetStby
 .text.SX1276SetRx
                0x0800289c      0x290 Drivers\BSP\Components\sx1276.o
                0x0800289c                SX1276SetRx
 .text.SX1276SetTx
                0x08002b2c       0xc0 Drivers\BSP\Components\sx1276.o
                0x08002b2c                SX1276SetTx
 .text.SX1276StartCad
                0x08002bec       0x34 Drivers\BSP\Components\sx1276.o
                0x08002bec                SX1276StartCad
 .text.SX1276SetModem
                0x08002c20       0x80 Drivers\BSP\Components\sx1276.o
                0x08002c20                SX1276SetModem
 .text.SX1276Init
                0x08002ca0       0xa0 Drivers\BSP\Components\sx1276.o
                0x08002ca0                SX1276Init
 .text.SX1276IsChannelFree
                0x08002d40       0x48 Drivers\BSP\Components\sx1276.o
                0x08002d40                SX1276IsChannelFree
 .text.SX1276Random
                0x08002d88       0x40 Drivers\BSP\Components\sx1276.o
                0x08002d88                SX1276Random
 .text.SX1276SetRxConfig
                0x08002dc8      0x34c Drivers\BSP\Components\sx1276.o
                0x08002dc8                SX1276SetRxConfig
 .text.SX1276SetTxConfig
                0x08003114      0x280 Drivers\BSP\Components\sx1276.o
                0x08003114                SX1276SetTxConfig
 .text.SX1276SetTxContinuousWave
                0x08003394       0x80 Drivers\BSP\Components\sx1276.o
                0x08003394                SX1276SetTxContinuousWave
 .text.SX1276OnDio2Irq
                0x08003414       0xec Drivers\BSP\Components\sx1276.o
                0x08003414                SX1276OnDio2Irq
 .text.SX1276OnDio3Irq
                0x08003500       0x54 Drivers\BSP\Components\sx1276.o
                0x08003500                SX1276OnDio3Irq
 .text.SX1276WriteFifo
                0x08003554        0xe Drivers\BSP\Components\sx1276.o
                0x08003554                SX1276WriteFifo
 *fill*         0x08003562        0x2 
 .text.SX1276Send
                0x08003564      0x11c Drivers\BSP\Components\sx1276.o
                0x08003564                SX1276Send
 .text.SX1276ReadFifo
                0x08003680        0xe Drivers\BSP\Components\sx1276.o
                0x08003680                SX1276ReadFifo
 *fill*         0x0800368e        0x2 
 .text.SX1276OnDio0Irq
                0x08003690      0x2f0 Drivers\BSP\Components\sx1276.o
                0x08003690                SX1276OnDio0Irq
 .text.SX1276OnDio1Irq
                0x08003980      0x108 Drivers\BSP\Components\sx1276.o
                0x08003980                SX1276OnDio1Irq
 .text.SX1276SetMaxPayloadLength
                0x08003a88       0x38 Drivers\BSP\Components\sx1276.o
                0x08003a88                SX1276SetMaxPayloadLength
 .text.SX1276SetPublicNetwork
                0x08003ac0       0x2c Drivers\BSP\Components\sx1276.o
                0x08003ac0                SX1276SetPublicNetwork
 .text.SX1276OnTimeoutIrq
                0x08003aec       0xe0 Drivers\BSP\Components\sx1276.o
                0x08003aec                SX1276OnTimeoutIrq
 .text.SX1276GetRadioWakeUpTime
                0x08003bcc       0x14 Drivers\BSP\Components\sx1276.o
                0x08003bcc                SX1276GetRadioWakeUpTime
 .text.SX1276GetWakeTime
                0x08003be0        0x4 Drivers\BSP\MLM32L07X01\mlm32l07x01.o
                0x08003be0                SX1276GetWakeTime
 .text.SX1276CheckRfFrequency
                0x08003be4        0x4 Drivers\BSP\MLM32L07X01\mlm32l07x01.o
                0x08003be4                SX1276CheckRfFrequency
 .text.SX1276SetAntSw
                0x08003be8       0x4c Drivers\BSP\MLM32L07X01\mlm32l07x01.o
                0x08003be8                SX1276SetAntSw
 .text.SX1276SetXO
                0x08003c34       0x2c Drivers\BSP\MLM32L07X01\mlm32l07x01.o
                0x08003c34                SX1276SetXO
 .text.SX1276IoInit
                0x08003c60       0x74 Drivers\BSP\MLM32L07X01\mlm32l07x01.o
                0x08003c60                SX1276IoInit
 .text.SX1276IoDeInit
                0x08003cd4       0x50 Drivers\BSP\MLM32L07X01\mlm32l07x01.o
                0x08003cd4                SX1276IoDeInit
 .text.SX1276AntSwInit
                0x08003d24       0x60 Drivers\BSP\MLM32L07X01\mlm32l07x01.o
 .text.SX1276AntSwDeInit
                0x08003d84       0x60 Drivers\BSP\MLM32L07X01\mlm32l07x01.o
 .text.SX1276SetAntSwLowPower
                0x08003de4       0x12 Drivers\BSP\MLM32L07X01\mlm32l07x01.o
                0x08003de4                SX1276SetAntSwLowPower
 *fill*         0x08003df6        0x2 
 .text.SX1276IoIrqInit
                0x08003df8       0x44 Drivers\BSP\MLM32L07X01\mlm32l07x01.o
                0x08003df8                SX1276IoIrqInit
 .text.SX1276GetPaSelect
                0x08003e3c        0xc Drivers\BSP\MLM32L07X01\mlm32l07x01.o
                0x08003e3c                SX1276GetPaSelect
 .text.SX1276SetRfTxPower
                0x08003e48       0xc4 Drivers\BSP\MLM32L07X01\mlm32l07x01.o
                0x08003e48                SX1276SetRfTxPower
 .text.SystemInit
                0x08003f0c       0x5c Drivers\CMSIS\system_stm32l0xx.o
                0x08003f0c                SystemInit
 .text.HAL_Init
                0x08003f68       0x20 Drivers\STM32L0xx_HAL_Driver\stm32l0xx_hal.o
                0x08003f68                HAL_Init
 .text.HAL_IncTick
                0x08003f88       0x10 Drivers\STM32L0xx_HAL_Driver\stm32l0xx_hal.o
                0x08003f88                HAL_IncTick
 .text.HAL_GetTick
                0x08003f98        0xc Drivers\STM32L0xx_HAL_Driver\stm32l0xx_hal.o
                0x08003f98                HAL_GetTick
 .text.HAL_DBGMCU_EnableDBGSleepMode
                0x08003fa4       0x10 Drivers\STM32L0xx_HAL_Driver\stm32l0xx_hal.o
                0x08003fa4                HAL_DBGMCU_EnableDBGSleepMode
 .text.HAL_DBGMCU_EnableDBGStopMode
                0x08003fb4       0x10 Drivers\STM32L0xx_HAL_Driver\stm32l0xx_hal.o
                0x08003fb4                HAL_DBGMCU_EnableDBGStopMode
 .text.HAL_DBGMCU_EnableDBGStandbyMode
                0x08003fc4       0x10 Drivers\STM32L0xx_HAL_Driver\stm32l0xx_hal.o
                0x08003fc4                HAL_DBGMCU_EnableDBGStandbyMode
 .text.HAL_ADC_MspInit
                0x08003fd4        0x2 Drivers\STM32L0xx_HAL_Driver\stm32l0xx_hal_adc.o
                0x08003fd4                HAL_ADC_MspInit
 *fill*         0x08003fd6        0x2 
 .text.HAL_ADC_Init
                0x08003fd8      0x1ec Drivers\STM32L0xx_HAL_Driver\stm32l0xx_hal_adc.o
                0x08003fd8                HAL_ADC_Init
 .text.HAL_COMP_GetOutputLevel
                0x080041c4        0xc Drivers\STM32L0xx_HAL_Driver\stm32l0xx_hal_comp.o
                0x080041c4                HAL_COMP_GetOutputLevel
 .text.HAL_COMP_IRQHandler
                0x080041d0       0x40 Drivers\STM32L0xx_HAL_Driver\stm32l0xx_hal_comp.o
                0x080041d0                HAL_COMP_IRQHandler
 .text.HAL_NVIC_SetPriority
                0x08004210       0x64 Drivers\STM32L0xx_HAL_Driver\stm32l0xx_hal_cortex.o
                0x08004210                HAL_NVIC_SetPriority
 .text.HAL_NVIC_EnableIRQ
                0x08004274       0x14 Drivers\STM32L0xx_HAL_Driver\stm32l0xx_hal_cortex.o
                0x08004274                HAL_NVIC_EnableIRQ
 .text.HAL_NVIC_SetPendingIRQ
                0x08004288       0x18 Drivers\STM32L0xx_HAL_Driver\stm32l0xx_hal_cortex.o
                0x08004288                HAL_NVIC_SetPendingIRQ
 .text.HAL_NVIC_ClearPendingIRQ
                0x080042a0       0x18 Drivers\STM32L0xx_HAL_Driver\stm32l0xx_hal_cortex.o
                0x080042a0                HAL_NVIC_ClearPendingIRQ
 .text.HAL_GPIO_Init
                0x080042b8      0x1a4 Drivers\STM32L0xx_HAL_Driver\stm32l0xx_hal_gpio.o
                0x080042b8                HAL_GPIO_Init
 .text.HAL_GPIO_WritePin
                0x0800445c        0xc Drivers\STM32L0xx_HAL_Driver\stm32l0xx_hal_gpio.o
                0x0800445c                HAL_GPIO_WritePin
 .text.HAL_GPIO_EXTI_IRQHandler
                0x08004468       0x1c Drivers\STM32L0xx_HAL_Driver\stm32l0xx_hal_gpio.o
                0x08004468                HAL_GPIO_EXTI_IRQHandler
 .text.HAL_PWR_DisablePVD
                0x08004484       0x10 Drivers\STM32L0xx_HAL_Driver\stm32l0xx_hal_pwr.o
                0x08004484                HAL_PWR_DisablePVD
 .text.HAL_PWR_EnterSLEEPMode
                0x08004494       0x30 Drivers\STM32L0xx_HAL_Driver\stm32l0xx_hal_pwr.o
                0x08004494                HAL_PWR_EnterSLEEPMode
 .text.HAL_PWR_EnterSTOPMode
                0x080044c4       0x3c Drivers\STM32L0xx_HAL_Driver\stm32l0xx_hal_pwr.o
                0x080044c4                HAL_PWR_EnterSTOPMode
 .text.HAL_PWREx_EnableFastWakeUp
                0x08004500       0x14 Drivers\STM32L0xx_HAL_Driver\stm32l0xx_hal_pwr_ex.o
                0x08004500                HAL_PWREx_EnableFastWakeUp
 .text.HAL_PWREx_EnableUltraLowPower
                0x08004514       0x14 Drivers\STM32L0xx_HAL_Driver\stm32l0xx_hal_pwr_ex.o
                0x08004514                HAL_PWREx_EnableUltraLowPower
 .text.RCC_SetFlashLatencyFromMSIRange
                0x08004528       0x80 Drivers\STM32L0xx_HAL_Driver\stm32l0xx_hal_rcc.o
 .text.HAL_RCC_OscConfig
                0x080045a8      0x57c Drivers\STM32L0xx_HAL_Driver\stm32l0xx_hal_rcc.o
                0x080045a8                HAL_RCC_OscConfig
 .text.HAL_RCC_MCOConfig
                0x08004b24       0xa8 Drivers\STM32L0xx_HAL_Driver\stm32l0xx_hal_rcc.o
                0x08004b24                HAL_RCC_MCOConfig
 .text.HAL_RCC_GetSysClockFreq
                0x08004bcc       0x94 Drivers\STM32L0xx_HAL_Driver\stm32l0xx_hal_rcc.o
                0x08004bcc                HAL_RCC_GetSysClockFreq
 .text.HAL_RCC_ClockConfig
                0x08004c60      0x1a0 Drivers\STM32L0xx_HAL_Driver\stm32l0xx_hal_rcc.o
                0x08004c60                HAL_RCC_ClockConfig
 .text.HAL_RCC_GetHCLKFreq
                0x08004e00        0xc Drivers\STM32L0xx_HAL_Driver\stm32l0xx_hal_rcc.o
                0x08004e00                HAL_RCC_GetHCLKFreq
 .text.HAL_RCC_GetPCLK1Freq
                0x08004e0c       0x20 Drivers\STM32L0xx_HAL_Driver\stm32l0xx_hal_rcc.o
                0x08004e0c                HAL_RCC_GetPCLK1Freq
 .text.HAL_RCC_GetPCLK2Freq
                0x08004e2c       0x20 Drivers\STM32L0xx_HAL_Driver\stm32l0xx_hal_rcc.o
                0x08004e2c                HAL_RCC_GetPCLK2Freq
 .text.HAL_RCCEx_PeriphCLKConfig
                0x08004e4c      0x1e8 Drivers\STM32L0xx_HAL_Driver\stm32l0xx_hal_rcc_ex.o
                0x08004e4c                HAL_RCCEx_PeriphCLKConfig
 .text.HAL_RCCEx_GetPeriphCLKFreq
                0x08005034      0x2a8 Drivers\STM32L0xx_HAL_Driver\stm32l0xx_hal_rcc_ex.o
                0x08005034                HAL_RCCEx_GetPeriphCLKFreq
 .text.HAL_RTC_DeactivateAlarm
                0x080052dc       0xe4 Drivers\STM32L0xx_HAL_Driver\stm32l0xx_hal_rtc.o
                0x080052dc                HAL_RTC_DeactivateAlarm
 .text.HAL_RTC_WaitForSynchro
                0x080053c0       0x32 Drivers\STM32L0xx_HAL_Driver\stm32l0xx_hal_rtc.o
                0x080053c0                HAL_RTC_WaitForSynchro
 .text.RTC_EnterInitMode
                0x080053f2       0x3a Drivers\STM32L0xx_HAL_Driver\stm32l0xx_hal_rtc.o
                0x080053f2                RTC_EnterInitMode
 .text.HAL_RTC_Init
                0x0800542c       0xac Drivers\STM32L0xx_HAL_Driver\stm32l0xx_hal_rtc.o
                0x0800542c                HAL_RTC_Init
 .text.RTC_ByteToBcd2
                0x080054d8       0x16 Drivers\STM32L0xx_HAL_Driver\stm32l0xx_hal_rtc.o
                0x080054d8                RTC_ByteToBcd2
 *fill*         0x080054ee        0x2 
 .text.HAL_RTC_SetTime
                0x080054f0      0x10c Drivers\STM32L0xx_HAL_Driver\stm32l0xx_hal_rtc.o
                0x080054f0                HAL_RTC_SetTime
 .text.HAL_RTC_SetDate
                0x080055fc       0xec Drivers\STM32L0xx_HAL_Driver\stm32l0xx_hal_rtc.o
                0x080055fc                HAL_RTC_SetDate
 .text.HAL_RTC_SetAlarm_IT
                0x080056e8      0x1c0 Drivers\STM32L0xx_HAL_Driver\stm32l0xx_hal_rtc.o
                0x080056e8                HAL_RTC_SetAlarm_IT
 .text.RTC_Bcd2ToByte
                0x080058a8       0x12 Drivers\STM32L0xx_HAL_Driver\stm32l0xx_hal_rtc.o
                0x080058a8                RTC_Bcd2ToByte
 *fill*         0x080058ba        0x2 
 .text.HAL_RTC_GetTime
                0x080058bc       0x58 Drivers\STM32L0xx_HAL_Driver\stm32l0xx_hal_rtc.o
                0x080058bc                HAL_RTC_GetTime
 .text.HAL_RTC_GetDate
                0x08005914       0x48 Drivers\STM32L0xx_HAL_Driver\stm32l0xx_hal_rtc.o
                0x08005914                HAL_RTC_GetDate
 .text.HAL_RTCEx_SetSmoothCalib
                0x0800595c       0x8c Drivers\STM32L0xx_HAL_Driver\stm32l0xx_hal_rtc_ex.o
                0x0800595c                HAL_RTCEx_SetSmoothCalib
 .text.HAL_RTCEx_EnableBypassShadow
                0x080059e8       0x3e Drivers\STM32L0xx_HAL_Driver\stm32l0xx_hal_rtc_ex.o
                0x080059e8                HAL_RTCEx_EnableBypassShadow
 *fill*         0x08005a26        0x2 
 .text.SPI_WaitOnFlagUntilTimeout
                0x08005a28       0xf0 Drivers\STM32L0xx_HAL_Driver\stm32l0xx_hal_spi.o
 .text.HAL_SPI_MspInit
                0x08005b18        0x2 Drivers\STM32L0xx_HAL_Driver\stm32l0xx_hal_spi.o
                0x08005b18                HAL_SPI_MspInit
 *fill*         0x08005b1a        0x2 
 .text.HAL_SPI_Init
                0x08005b1c       0x88 Drivers\STM32L0xx_HAL_Driver\stm32l0xx_hal_spi.o
                0x08005b1c                HAL_SPI_Init
 .text.HAL_SPI_MspDeInit
                0x08005ba4        0x2 Drivers\STM32L0xx_HAL_Driver\stm32l0xx_hal_spi.o
                0x08005ba4                HAL_SPI_MspDeInit
 .text.HAL_SPI_DeInit
                0x08005ba6       0x2c Drivers\STM32L0xx_HAL_Driver\stm32l0xx_hal_spi.o
                0x08005ba6                HAL_SPI_DeInit
 *fill*         0x08005bd2        0x2 
 .text.HAL_SPI_TransmitReceive
                0x08005bd4      0x398 Drivers\STM32L0xx_HAL_Driver\stm32l0xx_hal_spi.o
                0x08005bd4                HAL_SPI_TransmitReceive
 .text.HAL_UART_DeInit
                0x08005f6c       0x3c Drivers\STM32L0xx_HAL_Driver\stm32l0xx_hal_uart.o
                0x08005f6c                HAL_UART_DeInit
 .text.UART_SetConfig
                0x08005fa8      0x350 Drivers\STM32L0xx_HAL_Driver\stm32l0xx_hal_uart.o
                0x08005fa8                UART_SetConfig
 .text.UART_AdvFeatureConfig
                0x080062f8       0xe0 Drivers\STM32L0xx_HAL_Driver\stm32l0xx_hal_uart.o
                0x080062f8                UART_AdvFeatureConfig
 .text.UART_WaitOnFlagUntilTimeout
                0x080063d8       0x6c Drivers\STM32L0xx_HAL_Driver\stm32l0xx_hal_uart.o
                0x080063d8                UART_WaitOnFlagUntilTimeout
 .text.HAL_UART_Transmit
                0x08006444       0xe2 Drivers\STM32L0xx_HAL_Driver\stm32l0xx_hal_uart.o
                0x08006444                HAL_UART_Transmit
 *fill*         0x08006526        0x2 
 .text.UART_CheckIdleState
                0x08006528       0x70 Drivers\STM32L0xx_HAL_Driver\stm32l0xx_hal_uart.o
                0x08006528                UART_CheckIdleState
 .text.HAL_UART_Init
                0x08006598       0x70 Drivers\STM32L0xx_HAL_Driver\stm32l0xx_hal_uart.o
                0x08006598                HAL_UART_Init
 .text.DelayMs  0x08006608        0x8 Middlewares\Lora\Utilities\delay.o
                0x08006608                DelayMs
 .text.LPM_SetOffMode
                0x08006610       0x2c Middlewares\Lora\Utilities\low_power_manager.o
                0x08006610                LPM_SetOffMode
 .text.LPM_SetStopMode
                0x0800663c       0x2c Middlewares\Lora\Utilities\low_power_manager.o
                0x0800663c                LPM_SetStopMode
 .text.LPM_GetMode
                0x08006668       0x2c Middlewares\Lora\Utilities\low_power_manager.o
                0x08006668                LPM_GetMode
 .text.LPM_ExitSleepMode
                0x08006694        0x2 Middlewares\Lora\Utilities\low_power_manager.o
                0x08006694                LPM_ExitSleepMode
 .text.LPM_EnterOffMode
                0x08006696        0x2 Middlewares\Lora\Utilities\low_power_manager.o
                0x08006696                LPM_EnterOffMode
 .text.LPM_ExitOffMode
                0x08006698        0x2 Middlewares\Lora\Utilities\low_power_manager.o
                0x08006698                LPM_ExitOffMode
 *fill*         0x0800669a        0x2 
 .text.LPM_EnterLowPower
                0x0800669c       0x34 Middlewares\Lora\Utilities\low_power_manager.o
                0x0800669c                LPM_EnterLowPower
 .text.TimerInsertTimer
                0x080066d0       0x30 Middlewares\Lora\Utilities\timeServer.o
 .text.TimerExists
                0x08006700       0x1c Middlewares\Lora\Utilities\timeServer.o
 .text.TimerSetTimeout
                0x0800671c       0x2c Middlewares\Lora\Utilities\timeServer.o
 .text.TimerInsertNewHeadTimer
                0x08006748       0x20 Middlewares\Lora\Utilities\timeServer.o
 .text.TimerInit
                0x08006768        0xe Middlewares\Lora\Utilities\timeServer.o
                0x08006768                TimerInit
 *fill*         0x08006776        0x2 
 .text.TimerStart
                0x08006778       0x68 Middlewares\Lora\Utilities\timeServer.o
                0x08006778                TimerStart
 .text.TimerIrqHandler
                0x080067e0       0x84 Middlewares\Lora\Utilities\timeServer.o
                0x080067e0                TimerIrqHandler
 .text.TimerStop
                0x08006864       0x80 Middlewares\Lora\Utilities\timeServer.o
                0x08006864                TimerStop
 .text.TimerSetValue
                0x080068e4       0x24 Middlewares\Lora\Utilities\timeServer.o
                0x080068e4                TimerSetValue
 .text.TimerSetValueFloat
                0x08006908       0x26 Middlewares\Lora\Utilities\timeServer.o
                0x08006908                TimerSetValueFloat
 .text.TimerGetCurrentTime
                0x0800692e        0xc Middlewares\Lora\Utilities\timeServer.o
                0x0800692e                TimerGetCurrentTime
 .text.TimerGetCurrentTimeFloat
                0x0800693a        0xc Middlewares\Lora\Utilities\timeServer.o
                0x0800693a                TimerGetCurrentTimeFloat
 .text.TimerGetElapsedTime
                0x08006946       0x18 Middlewares\Lora\Utilities\timeServer.o
                0x08006946                TimerGetElapsedTime
 .text.memcpy1  0x0800695e       0x16 Middlewares\Lora\Utilities\utilities.o
                0x0800695e                memcpy1
 .text.Reset_Handler
                0x08006974       0x50 Projects\SW4STM32\startup_stm32l072xx.o
                0x08006974                Reset_Handler
 .text.Default_Handler
                0x080069c4        0x2 Projects\SW4STM32\startup_stm32l072xx.o
                0x080069c4                TSC_IRQHandler
                0x080069c4                PVD_IRQHandler
                0x080069c4                I2C1_IRQHandler
                0x080069c4                RCC_CRS_IRQHandler
                0x080069c4                SPI1_IRQHandler
                0x080069c4                TIM6_DAC_IRQHandler
                0x080069c4                I2C2_IRQHandler
                0x080069c4                DMA1_Channel4_5_6_7_IRQHandler
                0x080069c4                TIM3_IRQHandler
                0x080069c4                DMA1_Channel1_IRQHandler
                0x080069c4                USART4_5_IRQHandler
                0x080069c4                Default_Handler
                0x080069c4                TIM22_IRQHandler
                0x080069c4                TIM7_IRQHandler
                0x080069c4                USB_IRQHandler
                0x080069c4                I2C3_IRQHandler
                0x080069c4                SPI2_IRQHandler
                0x080069c4                TIM21_IRQHandler
                0x080069c4                WWDG_IRQHandler
                0x080069c4                TIM2_IRQHandler
                0x080069c4                DMA1_Channel2_3_IRQHandler
                0x080069c4                FLASH_IRQHandler
                0x080069c4                USART1_IRQHandler
                0x080069c4                RNG_LPUART1_IRQHandler
                0x080069c4                LPTIM1_IRQHandler
 *fill*         0x080069c6        0x2 
 .text.DBG_Init
                0x080069c8       0x8c Projects\src\debug.o
                0x080069c8                DBG_Init
 .text.Error_Handler
                0x08006a54        0x2 Projects\src\debug.o
                0x08006a54                Error_Handler
 .text.initQueue
                0x08006a56       0x14 Projects\src\ev_queue.o
                0x08006a56                initQueue
 .text.isEmpty  0x08006a6a       0x16 Projects\src\ev_queue.o
                0x08006a6a                isEmpty
 .text.enqueue  0x08006a80       0x2a Projects\src\ev_queue.o
                0x08006a80                enqueue
 .text.dequeue  0x08006aaa       0x2e Projects\src\ev_queue.o
                0x08006aaa                dequeue
 .text.HW_GPIO_GetBitPos
                0x08006ad8       0x40 Projects\src\hw_gpio.o
 .text.HW_GPIO_Init
                0x08006b18       0xa0 Projects\src\hw_gpio.o
                0x08006b18                HW_GPIO_Init
 .text.HW_GPIO_SetIrq
                0x08006bb8       0x40 Projects\src\hw_gpio.o
                0x08006bb8                HW_GPIO_SetIrq
 .text.HW_GPIO_IrqHandler
                0x08006bf8       0x18 Projects\src\hw_gpio.o
                0x08006bf8                HW_GPIO_IrqHandler
 .text.HW_GPIO_Write
                0x08006c10        0xa Projects\src\hw_gpio.o
                0x08006c10                HW_GPIO_Write
 *fill*         0x08006c1a        0x2 
 .text.HW_RTC_SetConfig
                0x08006c1c       0x74 Projects\src\hw_rtc.o
 .text.HW_RTC_SetAlarmConfig
                0x08006c90       0x14 Projects\src\hw_rtc.o
 .text.HW_RTC_GetCalendarValue
                0x08006ca4       0xa8 Projects\src\hw_rtc.o
 .text.HW_RTC_GetMinimumTimeout
                0x08006d4c        0x4 Projects\src\hw_rtc.o
                0x08006d4c                HW_RTC_GetMinimumTimeout
 .text.HW_RTC_ms2Tick
                0x08006d50       0x10 Projects\src\hw_rtc.o
                0x08006d50                HW_RTC_ms2Tick
 .text.HW_RTC_ms2TickFloat
                0x08006d60       0x2c Projects\src\hw_rtc.o
                0x08006d60                HW_RTC_ms2TickFloat
 .text.HW_RTC_Tick2ms
                0x08006d8c       0x22 Projects\src\hw_rtc.o
                0x08006d8c                HW_RTC_Tick2ms
 *fill*         0x08006dae        0x2 
 .text.HW_RTC_Tick2msFloat
                0x08006db0       0x20 Projects\src\hw_rtc.o
                0x08006db0                HW_RTC_Tick2msFloat
 .text.HW_RTC_GetTimerElapsedTime
                0x08006dd0       0x1c Projects\src\hw_rtc.o
                0x08006dd0                HW_RTC_GetTimerElapsedTime
 .text.HW_RTC_GetTimerValue
                0x08006dec       0x10 Projects\src\hw_rtc.o
                0x08006dec                HW_RTC_GetTimerValue
 .text.HW_RTC_StopAlarm
                0x08006dfc       0x24 Projects\src\hw_rtc.o
                0x08006dfc                HW_RTC_StopAlarm
 .text.HW_RTC_StartWakeUpAlarm
                0x08006e20      0x170 Projects\src\hw_rtc.o
 .text.HW_RTC_SetAlarm
                0x08006f90       0x48 Projects\src\hw_rtc.o
                0x08006f90                HW_RTC_SetAlarm
 .text.HW_RTC_IrqHandler
                0x08006fd8       0x44 Projects\src\hw_rtc.o
                0x08006fd8                HW_RTC_IrqHandler
 .text.HW_RTC_DelayMs
                0x0800701c       0x1e Projects\src\hw_rtc.o
                0x0800701c                HW_RTC_DelayMs
 *fill*         0x0800703a        0x2 
 .text.HW_RTC_SetTimerContext
                0x0800703c       0x18 Projects\src\hw_rtc.o
                0x0800703c                HW_RTC_SetTimerContext
 .text.HW_RTC_Init
                0x08007054       0x28 Projects\src\hw_rtc.o
                0x08007054                HW_RTC_Init
 .text.HW_RTC_GetTimerContext
                0x0800707c        0xc Projects\src\hw_rtc.o
                0x0800707c                HW_RTC_GetTimerContext
 .text.SpiFrequency
                0x08007088       0x3c Projects\src\hw_spi.o
 .text.HW_SPI_Init
                0x080070c4       0xb8 Projects\src\hw_spi.o
                0x080070c4                HW_SPI_Init
 .text.HW_SPI_DeInit
                0x0800717c       0xa8 Projects\src\hw_spi.o
                0x0800717c                HW_SPI_DeInit
 .text.HW_SPI_InOut
                0x08007224       0x28 Projects\src\hw_spi.o
                0x08007224                HW_SPI_InOut
 .text.OnTxDone
                0x0800724c       0x20 Projects\src\main.o
                0x0800724c                OnTxDone
 .text.OnTxTimeout
                0x0800726c       0x2c Projects\src\main.o
                0x0800726c                OnTxTimeout
 .text.OnRxTimeout
                0x08007298       0x20 Projects\src\main.o
                0x08007298                OnRxTimeout
 .text.OnRxError
                0x080072b8       0x20 Projects\src\main.o
                0x080072b8                OnRxError
 .text.OnNodeTimeoutEvent
                0x080072d8       0x20 Projects\src\main.o
                0x080072d8                OnNodeTimeoutEvent
 .text.OnRxDone
                0x080072f8       0x48 Projects\src\main.o
                0x080072f8                OnRxDone
 .text.sendPing
                0x08007340       0x8c Projects\src\main.o
                0x08007340                sendPing
 .text.TimerSetValueWithComp
                0x080073cc       0x98 Projects\src\main.o
                0x080073cc                TimerSetValueWithComp
 .text.get_system_reset_cause
                0x08007464       0x5c Projects\src\main.o
                0x08007464                get_system_reset_cause
 .text.main     0x080074c0      0x334 Projects\src\main.o
                0x080074c0                main
 .text.HAL_InitTick
                0x080077f4        0x4 Projects\src\mlm32l0xx_hal_msp.o
                0x080077f4                HAL_InitTick
 .text.HAL_MspInit
                0x080077f8       0x24 Projects\src\mlm32l0xx_hal_msp.o
                0x080077f8                HAL_MspInit
 .text.HAL_RTC_MspInit
                0x0800781c       0x60 Projects\src\mlm32l0xx_hal_msp.o
                0x0800781c                HAL_RTC_MspInit
 .text.HAL_RTC_AlarmAEventCallback
                0x0800787c        0x8 Projects\src\mlm32l0xx_hal_msp.o
                0x0800787c                HAL_RTC_AlarmAEventCallback
 .text.HAL_GPIO_EXTI_Callback
                0x08007884        0x8 Projects\src\mlm32l0xx_hal_msp.o
                0x08007884                HAL_GPIO_EXTI_Callback
 .text.MSP_GetIRQn
                0x0800788c       0x1c Projects\src\mlm32l0xx_hal_msp.o
                0x0800788c                MSP_GetIRQn
 .text.IMC_GPIO_Init
                0x080078a8       0x54 Projects\src\mlm32l0xx_hw.o
                0x080078a8                IMC_GPIO_Init
 .text.HW_DeInit
                0x080078fc       0x20 Projects\src\mlm32l0xx_hw.o
                0x080078fc                HW_DeInit
 .text.SystemClock_Config
                0x0800791c       0x98 Projects\src\mlm32l0xx_hw.o
                0x0800791c                SystemClock_Config
 .text.highVoltagePSUEnable
                0x080079b4       0x30 Projects\src\mlm32l0xx_hw.o
                0x080079b4                highVoltagePSUEnable
 .text.HAL_COMP_TriggerCallback
                0x080079e4       0x30 Projects\src\mlm32l0xx_hw.o
                0x080079e4                HAL_COMP_TriggerCallback
 .text.HW_AdcInit
                0x08007a14       0x74 Projects\src\mlm32l0xx_hw.o
                0x08007a14                HW_AdcInit
 .text.HW_Init  0x08007a88       0x4c Projects\src\mlm32l0xx_hw.o
                0x08007a88                HW_Init
 .text.LPM_EnterStopMode
                0x08007ad4       0x28 Projects\src\mlm32l0xx_hw.o
                0x08007ad4                LPM_EnterStopMode
 .text.LPM_ExitStopMode
                0x08007afc       0x54 Projects\src\mlm32l0xx_hw.o
                0x08007afc                LPM_ExitStopMode
 .text.LPM_EnterSleepMode
                0x08007b50        0xc Projects\src\mlm32l0xx_hw.o
                0x08007b50                LPM_EnterSleepMode
 .text.NMI_Handler
                0x08007b5c        0x2 Projects\src\mlm32l0xx_it.o
                0x08007b5c                NMI_Handler
 .text.HardFault_Handler
                0x08007b5e        0x4 Projects\src\mlm32l0xx_it.o
                0x08007b5e                HardFault_Handler
 .text.SVC_Handler
                0x08007b62        0x2 Projects\src\mlm32l0xx_it.o
                0x08007b62                SVC_Handler
 .text.PendSV_Handler
                0x08007b64        0x2 Projects\src\mlm32l0xx_it.o
                0x08007b64                PendSV_Handler
 .text.SysTick_Handler
                0x08007b66        0x8 Projects\src\mlm32l0xx_it.o
                0x08007b66                SysTick_Handler
 *fill*         0x08007b6e        0x2 
 .text.ADC1_COMP_IRQHandler
                0x08007b70       0x10 Projects\src\mlm32l0xx_it.o
                0x08007b70                ADC1_COMP_IRQHandler
 .text.USART2_IRQHandler
                0x08007b80        0x8 Projects\src\mlm32l0xx_it.o
                0x08007b80                USART2_IRQHandler
 .text.RTC_IRQHandler
                0x08007b88        0x8 Projects\src\mlm32l0xx_it.o
                0x08007b88                RTC_IRQHandler
 .text.EXTI0_1_IRQHandler
                0x08007b90       0x10 Projects\src\mlm32l0xx_it.o
                0x08007b90                EXTI0_1_IRQHandler
 .text.EXTI2_3_IRQHandler
                0x08007ba0       0x10 Projects\src\mlm32l0xx_it.o
                0x08007ba0                EXTI2_3_IRQHandler
 .text.EXTI4_15_IRQHandler
                0x08007bb0       0x68 Projects\src\mlm32l0xx_it.o
                0x08007bb0                EXTI4_15_IRQHandler
 .text.formPingMessageHeader
                0x08007c18       0x4a Projects\src\node_msgs.o
                0x08007c18                formPingMessageHeader
 *fill*         0x08007c62        0x2 
 .text.vcom_Init
                0x08007c64       0x44 Projects\src\vcom.o
                0x08007c64                vcom_Init
 .text.vcom_DeInit
                0x08007ca8       0x10 Projects\src\vcom.o
                0x08007ca8                vcom_DeInit
 .text.vcom_Send
                0x08007cb8       0xa8 Projects\src\vcom.o
                0x08007cb8                vcom_Send
 .text.vcom_Print
                0x08007d60       0x68 Projects\src\vcom.o
                0x08007d60                vcom_Print
 .text.vcom_IoInit
                0x08007dc8       0x44 Projects\src\vcom.o
                0x08007dc8                vcom_IoInit
 .text.HAL_UART_MspInit
                0x08007e0c       0x18 Projects\src\vcom.o
                0x08007e0c                HAL_UART_MspInit
 .text.vcom_IoDeInit
                0x08007e24       0x3c Projects\src\vcom.o
                0x08007e24                vcom_IoDeInit
 .text.HAL_UART_MspDeInit
                0x08007e60        0x8 Projects\src\vcom.o
                0x08007e60                HAL_UART_MspDeInit
 .text.__libc_init_array
                0x08007e68       0x48 c:/program files (x86)/atollic/truestudio for stm32 9.2.0/armtools/bin/../lib/gcc/arm-atollic-eabi/6.3.1/../../../../arm-atollic-eabi/lib/armv6-m\libc_nano.a(lib_a-init.o)
                0x08007e68                __libc_init_array
 .text.memcpy   0x08007eb0       0x12 c:/program files (x86)/atollic/truestudio for stm32 9.2.0/armtools/bin/../lib/gcc/arm-atollic-eabi/6.3.1/../../../../arm-atollic-eabi/lib/armv6-m\libc_nano.a(lib_a-memcpy-stub.o)
                0x08007eb0                memcpy
 .text.memset   0x08007ec2       0x10 c:/program files (x86)/atollic/truestudio for stm32 9.2.0/armtools/bin/../lib/gcc/arm-atollic-eabi/6.3.1/../../../../arm-atollic-eabi/lib/armv6-m\libc_nano.a(lib_a-memset.o)
                0x08007ec2                memset
 .text.__cvt    0x08007ed2       0xc8 c:/program files (x86)/atollic/truestudio for stm32 9.2.0/armtools/bin/../lib/gcc/arm-atollic-eabi/6.3.1/../../../../arm-atollic-eabi/lib/armv6-m\libc_nano.a(lib_a-nano-vfprintf_float.o)
                0x08007ed2                __cvt
 .text.__exponent
                0x08007f9a       0x70 c:/program files (x86)/atollic/truestudio for stm32 9.2.0/armtools/bin/../lib/gcc/arm-atollic-eabi/6.3.1/../../../../arm-atollic-eabi/lib/armv6-m\libc_nano.a(lib_a-nano-vfprintf_float.o)
                0x08007f9a                __exponent
 *fill*         0x0800800a        0x2 
 .text._printf_float
                0x0800800c      0x498 c:/program files (x86)/atollic/truestudio for stm32 9.2.0/armtools/bin/../lib/gcc/arm-atollic-eabi/6.3.1/../../../../arm-atollic-eabi/lib/armv6-m\libc_nano.a(lib_a-nano-vfprintf_float.o)
                0x0800800c                _printf_float
 .text._printf_common
                0x080084a4       0xda c:/program files (x86)/atollic/truestudio for stm32 9.2.0/armtools/bin/../lib/gcc/arm-atollic-eabi/6.3.1/../../../../arm-atollic-eabi/lib/armv6-m\libc_nano.a(lib_a-nano-vfprintf_i.o)
                0x080084a4                _printf_common
 *fill*         0x0800857e        0x2 
 .text._printf_i
                0x08008580      0x234 c:/program files (x86)/atollic/truestudio for stm32 9.2.0/armtools/bin/../lib/gcc/arm-atollic-eabi/6.3.1/../../../../arm-atollic-eabi/lib/armv6-m\libc_nano.a(lib_a-nano-vfprintf_i.o)
                0x08008580                _printf_i
 .text._vsprintf_r
                0x080087b4       0x30 c:/program files (x86)/atollic/truestudio for stm32 9.2.0/armtools/bin/../lib/gcc/arm-atollic-eabi/6.3.1/../../../../arm-atollic-eabi/lib/armv6-m\libc_nano.a(lib_a-vsprintf.o)
                0x080087b4                _vsprintf_r
                0x080087b4                _vsiprintf_r
 .text.vsprintf
                0x080087e4       0x18 c:/program files (x86)/atollic/truestudio for stm32 9.2.0/armtools/bin/../lib/gcc/arm-atollic-eabi/6.3.1/../../../../arm-atollic-eabi/lib/armv6-m\libc_nano.a(lib_a-vsprintf.o)
                0x080087e4                vsiprintf
                0x080087e4                vsprintf
 .text.quorem   0x080087fc      0x108 c:/program files (x86)/atollic/truestudio for stm32 9.2.0/armtools/bin/../lib/gcc/arm-atollic-eabi/6.3.1/../../../../arm-atollic-eabi/lib/armv6-m\libc_nano.a(lib_a-dtoa.o)
 .text._dtoa_r  0x08008904      0xbd0 c:/program files (x86)/atollic/truestudio for stm32 9.2.0/armtools/bin/../lib/gcc/arm-atollic-eabi/6.3.1/../../../../arm-atollic-eabi/lib/armv6-m\libc_nano.a(lib_a-dtoa.o)
                0x08008904                _dtoa_r
 .text._localeconv_r
                0x080094d4       0x18 c:/program files (x86)/atollic/truestudio for stm32 9.2.0/armtools/bin/../lib/gcc/arm-atollic-eabi/6.3.1/../../../../arm-atollic-eabi/lib/armv6-m\libc_nano.a(lib_a-localeconv.o)
                0x080094d4                _localeconv_r
 .text.malloc   0x080094ec       0x14 c:/program files (x86)/atollic/truestudio for stm32 9.2.0/armtools/bin/../lib/gcc/arm-atollic-eabi/6.3.1/../../../../arm-atollic-eabi/lib/armv6-m\libc_nano.a(lib_a-malloc.o)
                0x080094ec                malloc
 .text.memchr   0x08009500       0x16 c:/program files (x86)/atollic/truestudio for stm32 9.2.0/armtools/bin/../lib/gcc/arm-atollic-eabi/6.3.1/../../../../arm-atollic-eabi/lib/armv6-m\libc_nano.a(lib_a-memchr-stub.o)
                0x08009500                memchr
 .text._Balloc  0x08009516       0x70 c:/program files (x86)/atollic/truestudio for stm32 9.2.0/armtools/bin/../lib/gcc/arm-atollic-eabi/6.3.1/../../../../arm-atollic-eabi/lib/armv6-m\libc_nano.a(lib_a-mprec.o)
                0x08009516                _Balloc
 .text._Bfree   0x08009586       0x32 c:/program files (x86)/atollic/truestudio for stm32 9.2.0/armtools/bin/../lib/gcc/arm-atollic-eabi/6.3.1/../../../../arm-atollic-eabi/lib/armv6-m\libc_nano.a(lib_a-mprec.o)
                0x08009586                _Bfree
 .text.__multadd
                0x080095b8       0x78 c:/program files (x86)/atollic/truestudio for stm32 9.2.0/armtools/bin/../lib/gcc/arm-atollic-eabi/6.3.1/../../../../arm-atollic-eabi/lib/armv6-m\libc_nano.a(lib_a-mprec.o)
                0x080095b8                __multadd
 .text.__hi0bits
                0x08009630       0x34 c:/program files (x86)/atollic/truestudio for stm32 9.2.0/armtools/bin/../lib/gcc/arm-atollic-eabi/6.3.1/../../../../arm-atollic-eabi/lib/armv6-m\libc_nano.a(lib_a-mprec.o)
                0x08009630                __hi0bits
 .text.__lo0bits
                0x08009664       0x5e c:/program files (x86)/atollic/truestudio for stm32 9.2.0/armtools/bin/../lib/gcc/arm-atollic-eabi/6.3.1/../../../../arm-atollic-eabi/lib/armv6-m\libc_nano.a(lib_a-mprec.o)
                0x08009664                __lo0bits
 .text.__i2b    0x080096c2       0x12 c:/program files (x86)/atollic/truestudio for stm32 9.2.0/armtools/bin/../lib/gcc/arm-atollic-eabi/6.3.1/../../../../arm-atollic-eabi/lib/armv6-m\libc_nano.a(lib_a-mprec.o)
                0x080096c2                __i2b
 .text.__multiply
                0x080096d4      0x11e c:/program files (x86)/atollic/truestudio for stm32 9.2.0/armtools/bin/../lib/gcc/arm-atollic-eabi/6.3.1/../../../../arm-atollic-eabi/lib/armv6-m\libc_nano.a(lib_a-mprec.o)
                0x080096d4                __multiply
 *fill*         0x080097f2        0x2 
 .text.__pow5mult
                0x080097f4       0xa4 c:/program files (x86)/atollic/truestudio for stm32 9.2.0/armtools/bin/../lib/gcc/arm-atollic-eabi/6.3.1/../../../../arm-atollic-eabi/lib/armv6-m\libc_nano.a(lib_a-mprec.o)
                0x080097f4                __pow5mult
 .text.__lshift
                0x08009898       0xa2 c:/program files (x86)/atollic/truestudio for stm32 9.2.0/armtools/bin/../lib/gcc/arm-atollic-eabi/6.3.1/../../../../arm-atollic-eabi/lib/armv6-m\libc_nano.a(lib_a-mprec.o)
                0x08009898                __lshift
 .text.__mcmp   0x0800993a       0x32 c:/program files (x86)/atollic/truestudio for stm32 9.2.0/armtools/bin/../lib/gcc/arm-atollic-eabi/6.3.1/../../../../arm-atollic-eabi/lib/armv6-m\libc_nano.a(lib_a-mprec.o)
                0x0800993a                __mcmp
 .text.__mdiff  0x0800996c       0xc8 c:/program files (x86)/atollic/truestudio for stm32 9.2.0/armtools/bin/../lib/gcc/arm-atollic-eabi/6.3.1/../../../../arm-atollic-eabi/lib/armv6-m\libc_nano.a(lib_a-mprec.o)
                0x0800996c                __mdiff
 .text.__d2b    0x08009a34       0xa8 c:/program files (x86)/atollic/truestudio for stm32 9.2.0/armtools/bin/../lib/gcc/arm-atollic-eabi/6.3.1/../../../../arm-atollic-eabi/lib/armv6-m\libc_nano.a(lib_a-mprec.o)
                0x08009a34                __d2b
 .text._calloc_r
                0x08009adc       0x1c c:/program files (x86)/atollic/truestudio for stm32 9.2.0/armtools/bin/../lib/gcc/arm-atollic-eabi/6.3.1/../../../../arm-atollic-eabi/lib/armv6-m\libc_nano.a(lib_a-nano-callocr.o)
                0x08009adc                _calloc_r
 .text._free_r  0x08009af8       0x94 c:/program files (x86)/atollic/truestudio for stm32 9.2.0/armtools/bin/../lib/gcc/arm-atollic-eabi/6.3.1/../../../../arm-atollic-eabi/lib/armv6-m\libc_nano.a(lib_a-nano-freer.o)
                0x08009af8                _free_r
 .text._malloc_r
                0x08009b8c       0xbc c:/program files (x86)/atollic/truestudio for stm32 9.2.0/armtools/bin/../lib/gcc/arm-atollic-eabi/6.3.1/../../../../arm-atollic-eabi/lib/armv6-m\libc_nano.a(lib_a-nano-mallocr.o)
                0x08009b8c                _malloc_r
 .text.__ssputs_r
                0x08009c48       0xc4 c:/program files (x86)/atollic/truestudio for stm32 9.2.0/armtools/bin/../lib/gcc/arm-atollic-eabi/6.3.1/../../../../arm-atollic-eabi/lib/armv6-m\libc_nano.a(lib_a-nano-svfprintf.o)
                0x08009c48                __ssputs_r
 .text._svfprintf_r
                0x08009d0c      0x208 c:/program files (x86)/atollic/truestudio for stm32 9.2.0/armtools/bin/../lib/gcc/arm-atollic-eabi/6.3.1/../../../../arm-atollic-eabi/lib/armv6-m\libc_nano.a(lib_a-nano-svfprintf.o)
                0x08009d0c                _svfiprintf_r
                0x08009d0c                _svfprintf_r
 .text._sbrk_r  0x08009f14       0x24 c:/program files (x86)/atollic/truestudio for stm32 9.2.0/armtools/bin/../lib/gcc/arm-atollic-eabi/6.3.1/../../../../arm-atollic-eabi/lib/armv6-m\libc_nano.a(lib_a-sbrkr.o)
                0x08009f14                _sbrk_r
 .text.__ascii_mbtowc
                0x08009f38       0x24 c:/program files (x86)/atollic/truestudio for stm32 9.2.0/armtools/bin/../lib/gcc/arm-atollic-eabi/6.3.1/../../../../arm-atollic-eabi/lib/armv6-m\libc_nano.a(lib_a-mbtowc_r.o)
                0x08009f38                __ascii_mbtowc
 .text.memmove  0x08009f5c       0x24 c:/program files (x86)/atollic/truestudio for stm32 9.2.0/armtools/bin/../lib/gcc/arm-atollic-eabi/6.3.1/../../../../arm-atollic-eabi/lib/armv6-m\libc_nano.a(lib_a-memmove.o)
                0x08009f5c                memmove
 .text.__malloc_lock
                0x08009f80        0x2 c:/program files (x86)/atollic/truestudio for stm32 9.2.0/armtools/bin/../lib/gcc/arm-atollic-eabi/6.3.1/../../../../arm-atollic-eabi/lib/armv6-m\libc_nano.a(lib_a-mlock.o)
                0x08009f80                __malloc_lock
 .text.__malloc_unlock
                0x08009f82        0x2 c:/program files (x86)/atollic/truestudio for stm32 9.2.0/armtools/bin/../lib/gcc/arm-atollic-eabi/6.3.1/../../../../arm-atollic-eabi/lib/armv6-m\libc_nano.a(lib_a-mlock.o)
                0x08009f82                __malloc_unlock
 .text._realloc_r
                0x08009f84       0x4c c:/program files (x86)/atollic/truestudio for stm32 9.2.0/armtools/bin/../lib/gcc/arm-atollic-eabi/6.3.1/../../../../arm-atollic-eabi/lib/armv6-m\libc_nano.a(lib_a-nano-reallocr.o)
                0x08009f84                _realloc_r
 .text.__ascii_wctomb
                0x08009fd0       0x18 c:/program files (x86)/atollic/truestudio for stm32 9.2.0/armtools/bin/../lib/gcc/arm-atollic-eabi/6.3.1/../../../../arm-atollic-eabi/lib/armv6-m\libc_nano.a(lib_a-wctomb_r.o)
                0x08009fd0                __ascii_wctomb
 .text._malloc_usable_size_r
                0x08009fe8       0x10 c:/program files (x86)/atollic/truestudio for stm32 9.2.0/armtools/bin/../lib/gcc/arm-atollic-eabi/6.3.1/../../../../arm-atollic-eabi/lib/armv6-m\libc_nano.a(lib_a-nano-msizer.o)
                0x08009fe8                _malloc_usable_size_r
 .text.ceil     0x08009ff8      0x104 c:/program files (x86)/atollic/truestudio for stm32 9.2.0/armtools/bin/../lib/gcc/arm-atollic-eabi/6.3.1/../../../../arm-atollic-eabi/lib/armv6-m\libm.a(lib_a-s_ceil.o)
                0x08009ff8                ceil
 .text.floor    0x0800a0fc      0x104 c:/program files (x86)/atollic/truestudio for stm32 9.2.0/armtools/bin/../lib/gcc/arm-atollic-eabi/6.3.1/../../../../arm-atollic-eabi/lib/armv6-m\libm.a(lib_a-s_floor.o)
                0x0800a0fc                floor
 .text.round    0x0800a200       0x8c c:/program files (x86)/atollic/truestudio for stm32 9.2.0/armtools/bin/../lib/gcc/arm-atollic-eabi/6.3.1/../../../../arm-atollic-eabi/lib/armv6-m\libm.a(lib_a-s_round.o)
                0x0800a200                round
 .text._sbrk    0x0800a28c       0x20 c:/program files (x86)/atollic/truestudio for stm32 9.2.0/armtools/bin/../lib/gcc/arm-atollic-eabi/6.3.1/../../../../arm-atollic-eabi/lib/armv6-m\libnosys.a(sbrk.o)
                0x0800a28c                _sbrk
 *(.glue_7)
 .glue_7        0x0800a2ac        0x0 linker stubs
 *(.glue_7t)
 .glue_7t       0x0800a2ac        0x0 linker stubs
 *(.eh_frame)
 .eh_frame      0x0800a2ac        0x0 c:/program files (x86)/atollic/truestudio for stm32 9.2.0/armtools/bin/../lib/gcc/arm-atollic-eabi/6.3.1/armv6-m/crtbegin.o
 *(.init)
 .init          0x0800a2ac        0x4 c:/program files (x86)/atollic/truestudio for stm32 9.2.0/armtools/bin/../lib/gcc/arm-atollic-eabi/6.3.1/armv6-m/crti.o
                0x0800a2ac                _init
 .init          0x0800a2b0        0x8 c:/program files (x86)/atollic/truestudio for stm32 9.2.0/armtools/bin/../lib/gcc/arm-atollic-eabi/6.3.1/armv6-m/crtn.o
 *(.fini)
 .fini          0x0800a2b8        0x4 c:/program files (x86)/atollic/truestudio for stm32 9.2.0/armtools/bin/../lib/gcc/arm-atollic-eabi/6.3.1/armv6-m/crti.o
                0x0800a2b8                _fini
 .fini          0x0800a2bc        0x8 c:/program files (x86)/atollic/truestudio for stm32 9.2.0/armtools/bin/../lib/gcc/arm-atollic-eabi/6.3.1/armv6-m/crtn.o
                0x0800a2c4                . = ALIGN (0x4)
                0x0800a2c4                _etext = .

.vfp11_veneer   0x0800a2c4        0x0
 .vfp11_veneer  0x0800a2c4        0x0 linker stubs

.v4_bx          0x0800a2c4        0x0
 .v4_bx         0x0800a2c4        0x0 linker stubs

.iplt           0x0800a2c4        0x0
 .iplt          0x0800a2c4        0x0 c:/program files (x86)/atollic/truestudio for stm32 9.2.0/armtools/bin/../lib/gcc/arm-atollic-eabi/6.3.1/armv6-m/crtbegin.o

.rodata         0x0800a2c8      0x6d8
                0x0800a2c8                . = ALIGN (0x4)
 *(.rodata)
 .rodata        0x0800a2c8        0xe Drivers\BSP\B_L072Z_LRWAN1\b-l072z-lrwan1.o
                0x0800a2c8                LED_PIN
                0x0800a2d0                BUTTON_IRQn
                0x0800a2d4                BUTTON_PIN
 *fill*         0x0800a2d6        0x2 
 .rodata        0x0800a2d8      0x104 Drivers\BSP\Components\sx1276.o
                0x0800a2fc                RadioRegsInit
                0x0800a32c                FskBandwidths
 .rodata        0x0800a3dc       0x68 Drivers\BSP\MLM32L07X01\mlm32l07x01.o
                0x0800a3dc                Radio
 .rodata        0x0800a444       0x24 Drivers\CMSIS\system_stm32l0xx.o
                0x0800a444                PLLMulTable
                0x0800a450                AHBPrescTable
                0x0800a460                APBPrescTable
 .rodata        0x0800a468       0x48 Drivers\STM32L0xx_HAL_Driver\stm32l0xx_hal_uart.o
 .rodata        0x0800a4b0       0x18 Projects\src\hw_rtc.o
 .rodata        0x0800a4c8       0x20 Projects\src\main.o
 .rodata        0x0800a4e8       0x40 c:/program files (x86)/atollic/truestudio for stm32 9.2.0/armtools/bin/../lib/gcc/arm-atollic-eabi/6.3.1/armv6-m\libgcc.a(divdf3.o)
 .rodata        0x0800a528       0x40 c:/program files (x86)/atollic/truestudio for stm32 9.2.0/armtools/bin/../lib/gcc/arm-atollic-eabi/6.3.1/armv6-m\libgcc.a(muldf3.o)
 *(.rodata*)
 .rodata.str1.4
                0x0800a568      0x1dc Projects\src\main.o
                                0x1d9 (size before relaxing)
 .rodata._printf_float.str1.1
                0x0800a744       0x12 c:/program files (x86)/atollic/truestudio for stm32 9.2.0/armtools/bin/../lib/gcc/arm-atollic-eabi/6.3.1/../../../../arm-atollic-eabi/lib/armv6-m\libc_nano.a(lib_a-nano-vfprintf_float.o)
 .rodata._printf_i.str1.1
                0x0800a756       0x22 c:/program files (x86)/atollic/truestudio for stm32 9.2.0/armtools/bin/../lib/gcc/arm-atollic-eabi/6.3.1/../../../../arm-atollic-eabi/lib/armv6-m\libc_nano.a(lib_a-nano-vfprintf_i.o)
 .rodata._dtoa_r.str1.1
                0x0800a778        0xd c:/program files (x86)/atollic/truestudio for stm32 9.2.0/armtools/bin/../lib/gcc/arm-atollic-eabi/6.3.1/../../../../arm-atollic-eabi/lib/armv6-m\libc_nano.a(lib_a-dtoa.o)
                                  0xf (size before relaxing)
 *fill*         0x0800a785        0x3 
 .rodata.__mprec_bigtens
                0x0800a788       0x28 c:/program files (x86)/atollic/truestudio for stm32 9.2.0/armtools/bin/../lib/gcc/arm-atollic-eabi/6.3.1/../../../../arm-atollic-eabi/lib/armv6-m\libc_nano.a(lib_a-mprec.o)
                0x0800a788                __mprec_bigtens
 .rodata.__mprec_tens
                0x0800a7b0       0xc8 c:/program files (x86)/atollic/truestudio for stm32 9.2.0/armtools/bin/../lib/gcc/arm-atollic-eabi/6.3.1/../../../../arm-atollic-eabi/lib/armv6-m\libc_nano.a(lib_a-mprec.o)
                0x0800a7b0                __mprec_tens
 .rodata.p05.6052
                0x0800a878        0xc c:/program files (x86)/atollic/truestudio for stm32 9.2.0/armtools/bin/../lib/gcc/arm-atollic-eabi/6.3.1/../../../../arm-atollic-eabi/lib/armv6-m\libc_nano.a(lib_a-mprec.o)
 .rodata._svfprintf_r.str1.1
                0x0800a884       0x11 c:/program files (x86)/atollic/truestudio for stm32 9.2.0/armtools/bin/../lib/gcc/arm-atollic-eabi/6.3.1/../../../../arm-atollic-eabi/lib/armv6-m\libc_nano.a(lib_a-nano-svfprintf.o)
 .rodata._setlocale_r.str1.1
                0x0800a895        0x8 c:/program files (x86)/atollic/truestudio for stm32 9.2.0/armtools/bin/../lib/gcc/arm-atollic-eabi/6.3.1/../../../../arm-atollic-eabi/lib/armv6-m\libc_nano.a(lib_a-locale.o)
                                  0x9 (size before relaxing)
 .rodata.str1.1
                0x0800a89d        0x2 c:/program files (x86)/atollic/truestudio for stm32 9.2.0/armtools/bin/../lib/gcc/arm-atollic-eabi/6.3.1/../../../../arm-atollic-eabi/lib/armv6-m\libc_nano.a(lib_a-locale.o)
 .rodata._ctype_
                0x0800a89f      0x101 c:/program files (x86)/atollic/truestudio for stm32 9.2.0/armtools/bin/../lib/gcc/arm-atollic-eabi/6.3.1/../../../../arm-atollic-eabi/lib/armv6-m\libc_nano.a(lib_a-ctype_.o)
                0x0800a89f                _ctype_
                0x0800a9a0                . = ALIGN (0x4)

.ARM.extab
 *(.ARM.extab* .gnu.linkonce.armextab.*)

.ARM            0x0800a9a0        0x8
                0x0800a9a0                __exidx_start = .
 *(.ARM.exidx*)
 .ARM.exidx     0x0800a9a0        0x8 c:/program files (x86)/atollic/truestudio for stm32 9.2.0/armtools/bin/../lib/gcc/arm-atollic-eabi/6.3.1/armv6-m\libgcc.a(_udivmoddi4.o)
                0x0800a9a8                __exidx_end = .

.rel.dyn        0x0800a9a8        0x0
 .rel.iplt      0x0800a9a8        0x0 c:/program files (x86)/atollic/truestudio for stm32 9.2.0/armtools/bin/../lib/gcc/arm-atollic-eabi/6.3.1/armv6-m/crtbegin.o

.preinit_array  0x0800a9a8        0x0
                0x0800a9a8                PROVIDE (__preinit_array_start, .)
 *(.preinit_array*)
                0x0800a9a8                PROVIDE (__preinit_array_end, .)

.init_array     0x0800a9a8        0x4
                0x0800a9a8                PROVIDE (__init_array_start, .)
 *(SORT(.init_array.*))
 *(.init_array*)
 .init_array    0x0800a9a8        0x4 c:/program files (x86)/atollic/truestudio for stm32 9.2.0/armtools/bin/../lib/gcc/arm-atollic-eabi/6.3.1/armv6-m/crtbegin.o
                0x0800a9ac                PROVIDE (__init_array_end, .)

.fini_array     0x0800a9ac        0x4
                [!provide]                PROVIDE (__fini_array_start, .)
 *(SORT(.fini_array.*))
 *(.fini_array*)
 .fini_array    0x0800a9ac        0x4 c:/program files (x86)/atollic/truestudio for stm32 9.2.0/armtools/bin/../lib/gcc/arm-atollic-eabi/6.3.1/armv6-m/crtbegin.o
                [!provide]                PROVIDE (__fini_array_end, .)
                0x0800a9b0                _sidata = LOADADDR (.data)

.data           0x20000000      0x224 load address 0x0800a9b0
                0x20000000                . = ALIGN (0x4)
                0x20000000                _sdata = .
 *(.data)
 .data          0x20000000       0x14 Drivers\BSP\B_L072Z_LRWAN1\b-l072z-lrwan1.o
                0x20000000                LED_PORT
                0x20000010                BUTTON_PORT
 .data          0x20000014       0x18 Drivers\BSP\Components\sx1276.o
                0x20000014                DioIrq
 .data          0x2000002c       0x18 Drivers\BSP\MLM32L07X01\mlm32l07x01.o
 .data          0x20000044        0x4 Drivers\CMSIS\system_stm32l0xx.o
                0x20000044                SystemCoreClock
 .data          0x20000048        0xc Projects\src\main.o
                0x20000048                seqNum
                0x2000004c                ackToSendBack
                0x20000050                expectedRxSeqNum
 *(.data*)
 .data._impure_ptr
                0x20000054        0x4 c:/program files (x86)/atollic/truestudio for stm32 9.2.0/armtools/bin/../lib/gcc/arm-atollic-eabi/6.3.1/../../../../arm-atollic-eabi/lib/armv6-m\libc_nano.a(lib_a-impure.o)
                0x20000054                _impure_ptr
 .data.impure_data
                0x20000058       0x60 c:/program files (x86)/atollic/truestudio for stm32 9.2.0/armtools/bin/../lib/gcc/arm-atollic-eabi/6.3.1/../../../../arm-atollic-eabi/lib/armv6-m\libc_nano.a(lib_a-impure.o)
 .data.__global_locale
                0x200000b8      0x16c c:/program files (x86)/atollic/truestudio for stm32 9.2.0/armtools/bin/../lib/gcc/arm-atollic-eabi/6.3.1/../../../../arm-atollic-eabi/lib/armv6-m\libc_nano.a(lib_a-locale.o)
                0x200000b8                __global_locale
 *(.RamFunc)
                0x20000224                . = ALIGN (0x4)
                0x20000224                _edata = .

.igot.plt       0x20000224        0x0 load address 0x0800abd4
 .igot.plt      0x20000224        0x0 c:/program files (x86)/atollic/truestudio for stm32 9.2.0/armtools/bin/../lib/gcc/arm-atollic-eabi/6.3.1/armv6-m/crtbegin.o
                0x20000224                . = ALIGN (0x4)

.bss            0x20000228      0x624 load address 0x0800abd4
                0x20000228                _sbss = .
                0x20000228                __bss_start__ = _sbss
 *(.bss)
 .bss           0x20000228       0x1c c:/program files (x86)/atollic/truestudio for stm32 9.2.0/armtools/bin/../lib/gcc/arm-atollic-eabi/6.3.1/armv6-m/crtbegin.o
 .bss           0x20000244      0x108 Drivers\BSP\Components\sx1276.o
 .bss           0x2000034c        0x8 Middlewares\Lora\Utilities\low_power_manager.o
 .bss           0x20000354        0x4 Middlewares\Lora\Utilities\timeServer.o
 .bss           0x20000358       0x40 Projects\src\hw_gpio.o
 .bss           0x20000398       0x71 Projects\src\hw_rtc.o
 *fill*         0x20000409        0x3 
 .bss           0x2000040c       0x58 Projects\src\hw_spi.o
 *fill*         0x20000464        0x4 
 .bss           0x20000468       0x71 Projects\src\main.o
                0x20000468                rssiValue
                0x20000469                snrValue
                0x2000046a                rXsize
                0x2000046c                resetReason
                0x20000470                ackCountToReturn
                0x2000049c                outputPower
                0x200004b4                numHopsRx
                0x200004b5                numHopsTx
                0x200004b6                loopCount
                0x200004cc                quit
                0x200004d0                rxAckViaPingErrorCount
                0x200004d4                rxPingErrorCount
                0x200004d8                numHops
 *fill*         0x200004d9        0x3 
 .bss           0x200004dc       0x78 Projects\src\mlm32l0xx_hw.o
 .bss           0x20000554        0x4 Projects\src\mlm32l0xx_it.o
                0x20000554                ImPcount
 .bss           0x20000558      0x176 Projects\src\vcom.o
                0x200005c8                iw
 *(.bss*)
 *fill*         0x200006ce        0x2 
 .bss.__malloc_free_list
                0x200006d0        0x4 c:/program files (x86)/atollic/truestudio for stm32 9.2.0/armtools/bin/../lib/gcc/arm-atollic-eabi/6.3.1/../../../../arm-atollic-eabi/lib/armv6-m\libc_nano.a(lib_a-nano-mallocr.o)
                0x200006d0                __malloc_free_list
 .bss.__malloc_sbrk_start
                0x200006d4        0x4 c:/program files (x86)/atollic/truestudio for stm32 9.2.0/armtools/bin/../lib/gcc/arm-atollic-eabi/6.3.1/../../../../arm-atollic-eabi/lib/armv6-m\libc_nano.a(lib_a-nano-mallocr.o)
                0x200006d4                __malloc_sbrk_start
 .bss.heap_end.4116
                0x200006d8        0x4 c:/program files (x86)/atollic/truestudio for stm32 9.2.0/armtools/bin/../lib/gcc/arm-atollic-eabi/6.3.1/../../../../arm-atollic-eabi/lib/armv6-m\libnosys.a(sbrk.o)
 *(COMMON)
 COMMON         0x200006dc       0xa4 Drivers\BSP\Components\sx1276.o
                0x200006dc                TxTimeoutTimer
                0x200006f0                RxTimeoutSyncWord
                0x20000704                SX1276
                0x2000076c                RxTimeoutTimer
 COMMON         0x20000780        0x4 Drivers\STM32L0xx_HAL_Driver\stm32l0xx_hal.o
                0x20000780                uwTick
 *fill*         0x20000784        0x4 
 COMMON         0x20000788       0x98 Projects\src\main.o
                0x20000788                EvQueue
                0x200007a8                dbgStartPingAt
                0x200007b0                receivedSeqNum
                0x200007b4                receivedBackAckCount
                0x200007b8                expectedTime
                0x200007c0                dbgSentPingAt
                0x200007c8                receivedResetReason
                0x200007cc                buffer
                0x20000810                dbgSentAckAt
                0x20000818                dbgStartAckAt
 COMMON         0x20000820       0x28 Projects\src\mlm32l0xx_hw.o
                0x20000820                compHandle
                0x20000844                CompOutputLowCallback
 COMMON         0x20000848        0x4 c:/program files (x86)/atollic/truestudio for stm32 9.2.0/armtools/bin/../lib/gcc/arm-atollic-eabi/6.3.1/../../../../arm-atollic-eabi/lib/armv6-m\libc_nano.a(lib_a-reent.o)
                0x20000848                errno
                0x2000084c                . = ALIGN (0x4)
                0x2000084c                _ebss = .
                0x2000084c                __bss_end__ = _ebss

._user_heap_stack
                0x2000084c      0x604 load address 0x0800abd4
                0x20000850                . = ALIGN (0x8)
 *fill*         0x2000084c        0x4 
                0x20000850                PROVIDE (end, .)
                [!provide]                PROVIDE (_end, .)
                0x20000a50                . = (. + _Min_Heap_Size)
 *fill*         0x20000850      0x200 
                0x20000e50                . = (. + _Min_Stack_Size)
 *fill*         0x20000a50      0x400 
                0x20000e50                . = ALIGN (0x8)

/DISCARD/
 libc.a(*)
 libm.a(*)
 libgcc.a(*)

.ARM.attributes
                0x00000000       0x28
 *(.ARM.attributes)
 .ARM.attributes
                0x00000000       0x1e c:/program files (x86)/atollic/truestudio for stm32 9.2.0/armtools/bin/../lib/gcc/arm-atollic-eabi/6.3.1/armv6-m/crti.o
 .ARM.attributes
                0x0000001e       0x2c c:/program files (x86)/atollic/truestudio for stm32 9.2.0/armtools/bin/../lib/gcc/arm-atollic-eabi/6.3.1/armv6-m/crtbegin.o
 .ARM.attributes
                0x0000004a       0x32 Drivers\BSP\B_L072Z_LRWAN1\b-l072z-lrwan1.o
 .ARM.attributes
                0x0000007c       0x32 Drivers\BSP\Components\sx1276.o
 .ARM.attributes
                0x000000ae       0x32 Drivers\BSP\MLM32L07X01\mlm32l07x01.o
 .ARM.attributes
                0x000000e0       0x32 Drivers\CMSIS\system_stm32l0xx.o
 .ARM.attributes
                0x00000112       0x32 Drivers\STM32L0xx_HAL_Driver\stm32l0xx_hal.o
 .ARM.attributes
                0x00000144       0x32 Drivers\STM32L0xx_HAL_Driver\stm32l0xx_hal_adc.o
 .ARM.attributes
                0x00000176       0x32 Drivers\STM32L0xx_HAL_Driver\stm32l0xx_hal_comp.o
 .ARM.attributes
                0x000001a8       0x32 Drivers\STM32L0xx_HAL_Driver\stm32l0xx_hal_cortex.o
 .ARM.attributes
                0x000001da       0x32 Drivers\STM32L0xx_HAL_Driver\stm32l0xx_hal_gpio.o
 .ARM.attributes
                0x0000020c       0x32 Drivers\STM32L0xx_HAL_Driver\stm32l0xx_hal_pwr.o
 .ARM.attributes
                0x0000023e       0x32 Drivers\STM32L0xx_HAL_Driver\stm32l0xx_hal_pwr_ex.o
 .ARM.attributes
                0x00000270       0x32 Drivers\STM32L0xx_HAL_Driver\stm32l0xx_hal_rcc.o
 .ARM.attributes
                0x000002a2       0x32 Drivers\STM32L0xx_HAL_Driver\stm32l0xx_hal_rcc_ex.o
 .ARM.attributes
                0x000002d4       0x32 Drivers\STM32L0xx_HAL_Driver\stm32l0xx_hal_rtc.o
 .ARM.attributes
                0x00000306       0x32 Drivers\STM32L0xx_HAL_Driver\stm32l0xx_hal_rtc_ex.o
 .ARM.attributes
                0x00000338       0x32 Drivers\STM32L0xx_HAL_Driver\stm32l0xx_hal_spi.o
 .ARM.attributes
                0x0000036a       0x32 Drivers\STM32L0xx_HAL_Driver\stm32l0xx_hal_uart.o
 .ARM.attributes
                0x0000039c       0x32 Middlewares\Lora\Utilities\delay.o
 .ARM.attributes
                0x000003ce       0x32 Middlewares\Lora\Utilities\low_power_manager.o
 .ARM.attributes
                0x00000400       0x32 Middlewares\Lora\Utilities\timeServer.o
 .ARM.attributes
                0x00000432       0x32 Middlewares\Lora\Utilities\utilities.o
 .ARM.attributes
                0x00000464       0x22 Projects\SW4STM32\startup_stm32l072xx.o
 .ARM.attributes
                0x00000486       0x32 Projects\src\debug.o
 .ARM.attributes
                0x000004b8       0x32 Projects\src\ev_queue.o
 .ARM.attributes
                0x000004ea       0x32 Projects\src\hw_gpio.o
 .ARM.attributes
                0x0000051c       0x32 Projects\src\hw_rtc.o
 .ARM.attributes
                0x0000054e       0x32 Projects\src\hw_spi.o
 .ARM.attributes
                0x00000580       0x32 Projects\src\main.o
 .ARM.attributes
                0x000005b2       0x32 Projects\src\mlm32l0xx_hal_msp.o
 .ARM.attributes
                0x000005e4       0x32 Projects\src\mlm32l0xx_hw.o
 .ARM.attributes
                0x00000616       0x32 Projects\src\mlm32l0xx_it.o
 .ARM.attributes
                0x00000648       0x32 Projects\src\node_msgs.o
 .ARM.attributes
                0x0000067a       0x32 Projects\src\vcom.o
 .ARM.attributes
                0x000006ac       0x2c c:/program files (x86)/atollic/truestudio for stm32 9.2.0/armtools/bin/../lib/gcc/arm-atollic-eabi/6.3.1/../../../../arm-atollic-eabi/lib/armv6-m\libc_nano.a(lib_a-init.o)
 .ARM.attributes
                0x000006d8       0x2c c:/program files (x86)/atollic/truestudio for stm32 9.2.0/armtools/bin/../lib/gcc/arm-atollic-eabi/6.3.1/../../../../arm-atollic-eabi/lib/armv6-m\libc_nano.a(lib_a-memcpy-stub.o)
 .ARM.attributes
                0x00000704       0x2c c:/program files (x86)/atollic/truestudio for stm32 9.2.0/armtools/bin/../lib/gcc/arm-atollic-eabi/6.3.1/../../../../arm-atollic-eabi/lib/armv6-m\libc_nano.a(lib_a-memset.o)
 .ARM.attributes
                0x00000730       0x2c c:/program files (x86)/atollic/truestudio for stm32 9.2.0/armtools/bin/../lib/gcc/arm-atollic-eabi/6.3.1/../../../../arm-atollic-eabi/lib/armv6-m\libc_nano.a(lib_a-nano-vfprintf_float.o)
 .ARM.attributes
                0x0000075c       0x2c c:/program files (x86)/atollic/truestudio for stm32 9.2.0/armtools/bin/../lib/gcc/arm-atollic-eabi/6.3.1/../../../../arm-atollic-eabi/lib/armv6-m\libc_nano.a(lib_a-nano-vfprintf_i.o)
 .ARM.attributes
                0x00000788       0x1c c:/program files (x86)/atollic/truestudio for stm32 9.2.0/armtools/bin/../lib/gcc/arm-atollic-eabi/6.3.1/../../../../arm-atollic-eabi/lib/armv6-m\libc_nano.a(lib_a-strlen.o)
 .ARM.attributes
                0x000007a4       0x2c c:/program files (x86)/atollic/truestudio for stm32 9.2.0/armtools/bin/../lib/gcc/arm-atollic-eabi/6.3.1/../../../../arm-atollic-eabi/lib/armv6-m\libc_nano.a(lib_a-vsprintf.o)
 .ARM.attributes
                0x000007d0       0x2c c:/program files (x86)/atollic/truestudio for stm32 9.2.0/armtools/bin/../lib/gcc/arm-atollic-eabi/6.3.1/../../../../arm-atollic-eabi/lib/armv6-m\libc_nano.a(lib_a-dtoa.o)
 .ARM.attributes
                0x000007fc       0x2c c:/program files (x86)/atollic/truestudio for stm32 9.2.0/armtools/bin/../lib/gcc/arm-atollic-eabi/6.3.1/../../../../arm-atollic-eabi/lib/armv6-m\libc_nano.a(lib_a-impure.o)
 .ARM.attributes
                0x00000828       0x2c c:/program files (x86)/atollic/truestudio for stm32 9.2.0/armtools/bin/../lib/gcc/arm-atollic-eabi/6.3.1/../../../../arm-atollic-eabi/lib/armv6-m\libc_nano.a(lib_a-localeconv.o)
 .ARM.attributes
                0x00000854       0x2c c:/program files (x86)/atollic/truestudio for stm32 9.2.0/armtools/bin/../lib/gcc/arm-atollic-eabi/6.3.1/../../../../arm-atollic-eabi/lib/armv6-m\libc_nano.a(lib_a-malloc.o)
 .ARM.attributes
                0x00000880       0x2c c:/program files (x86)/atollic/truestudio for stm32 9.2.0/armtools/bin/../lib/gcc/arm-atollic-eabi/6.3.1/../../../../arm-atollic-eabi/lib/armv6-m\libc_nano.a(lib_a-memchr-stub.o)
 .ARM.attributes
                0x000008ac       0x2c c:/program files (x86)/atollic/truestudio for stm32 9.2.0/armtools/bin/../lib/gcc/arm-atollic-eabi/6.3.1/../../../../arm-atollic-eabi/lib/armv6-m\libc_nano.a(lib_a-mprec.o)
 .ARM.attributes
                0x000008d8       0x2c c:/program files (x86)/atollic/truestudio for stm32 9.2.0/armtools/bin/../lib/gcc/arm-atollic-eabi/6.3.1/../../../../arm-atollic-eabi/lib/armv6-m\libc_nano.a(lib_a-nano-callocr.o)
 .ARM.attributes
                0x00000904       0x2c c:/program files (x86)/atollic/truestudio for stm32 9.2.0/armtools/bin/../lib/gcc/arm-atollic-eabi/6.3.1/../../../../arm-atollic-eabi/lib/armv6-m\libc_nano.a(lib_a-nano-freer.o)
 .ARM.attributes
                0x00000930       0x2c c:/program files (x86)/atollic/truestudio for stm32 9.2.0/armtools/bin/../lib/gcc/arm-atollic-eabi/6.3.1/../../../../arm-atollic-eabi/lib/armv6-m\libc_nano.a(lib_a-nano-mallocr.o)
 .ARM.attributes
                0x0000095c       0x2c c:/program files (x86)/atollic/truestudio for stm32 9.2.0/armtools/bin/../lib/gcc/arm-atollic-eabi/6.3.1/../../../../arm-atollic-eabi/lib/armv6-m\libc_nano.a(lib_a-nano-svfprintf.o)
 .ARM.attributes
                0x00000988       0x2c c:/program files (x86)/atollic/truestudio for stm32 9.2.0/armtools/bin/../lib/gcc/arm-atollic-eabi/6.3.1/../../../../arm-atollic-eabi/lib/armv6-m\libc_nano.a(lib_a-sbrkr.o)
 .ARM.attributes
                0x000009b4       0x2c c:/program files (x86)/atollic/truestudio for stm32 9.2.0/armtools/bin/../lib/gcc/arm-atollic-eabi/6.3.1/../../../../arm-atollic-eabi/lib/armv6-m\libc_nano.a(lib_a-locale.o)
 .ARM.attributes
                0x000009e0       0x2c c:/program files (x86)/atollic/truestudio for stm32 9.2.0/armtools/bin/../lib/gcc/arm-atollic-eabi/6.3.1/../../../../arm-atollic-eabi/lib/armv6-m\libc_nano.a(lib_a-mbtowc_r.o)
 .ARM.attributes
                0x00000a0c       0x2c c:/program files (x86)/atollic/truestudio for stm32 9.2.0/armtools/bin/../lib/gcc/arm-atollic-eabi/6.3.1/../../../../arm-atollic-eabi/lib/armv6-m\libc_nano.a(lib_a-memmove.o)
 .ARM.attributes
                0x00000a38       0x2c c:/program files (x86)/atollic/truestudio for stm32 9.2.0/armtools/bin/../lib/gcc/arm-atollic-eabi/6.3.1/../../../../arm-atollic-eabi/lib/armv6-m\libc_nano.a(lib_a-mlock.o)
 .ARM.attributes
                0x00000a64       0x2c c:/program files (x86)/atollic/truestudio for stm32 9.2.0/armtools/bin/../lib/gcc/arm-atollic-eabi/6.3.1/../../../../arm-atollic-eabi/lib/armv6-m\libc_nano.a(lib_a-nano-reallocr.o)
 .ARM.attributes
                0x00000a90       0x2c c:/program files (x86)/atollic/truestudio for stm32 9.2.0/armtools/bin/../lib/gcc/arm-atollic-eabi/6.3.1/../../../../arm-atollic-eabi/lib/armv6-m\libc_nano.a(lib_a-reent.o)
 .ARM.attributes
                0x00000abc       0x2c c:/program files (x86)/atollic/truestudio for stm32 9.2.0/armtools/bin/../lib/gcc/arm-atollic-eabi/6.3.1/../../../../arm-atollic-eabi/lib/armv6-m\libc_nano.a(lib_a-wctomb_r.o)
 .ARM.attributes
                0x00000ae8       0x2c c:/program files (x86)/atollic/truestudio for stm32 9.2.0/armtools/bin/../lib/gcc/arm-atollic-eabi/6.3.1/../../../../arm-atollic-eabi/lib/armv6-m\libc_nano.a(lib_a-ctype_.o)
 .ARM.attributes
                0x00000b14       0x2c c:/program files (x86)/atollic/truestudio for stm32 9.2.0/armtools/bin/../lib/gcc/arm-atollic-eabi/6.3.1/../../../../arm-atollic-eabi/lib/armv6-m\libc_nano.a(lib_a-nano-msizer.o)
 .ARM.attributes
                0x00000b40       0x2c c:/program files (x86)/atollic/truestudio for stm32 9.2.0/armtools/bin/../lib/gcc/arm-atollic-eabi/6.3.1/../../../../arm-atollic-eabi/lib/armv6-m\libm.a(lib_a-s_ceil.o)
 .ARM.attributes
                0x00000b6c       0x2c c:/program files (x86)/atollic/truestudio for stm32 9.2.0/armtools/bin/../lib/gcc/arm-atollic-eabi/6.3.1/../../../../arm-atollic-eabi/lib/armv6-m\libm.a(lib_a-s_floor.o)
 .ARM.attributes
                0x00000b98       0x2c c:/program files (x86)/atollic/truestudio for stm32 9.2.0/armtools/bin/../lib/gcc/arm-atollic-eabi/6.3.1/../../../../arm-atollic-eabi/lib/armv6-m\libm.a(lib_a-s_round.o)
 .ARM.attributes
                0x00000bc4       0x1e c:/program files (x86)/atollic/truestudio for stm32 9.2.0/armtools/bin/../lib/gcc/arm-atollic-eabi/6.3.1/armv6-m\libgcc.a(_thumb1_case_uqi.o)
 .ARM.attributes
                0x00000be2       0x1e c:/program files (x86)/atollic/truestudio for stm32 9.2.0/armtools/bin/../lib/gcc/arm-atollic-eabi/6.3.1/armv6-m\libgcc.a(_udivsi3.o)
 .ARM.attributes
                0x00000c00       0x1e c:/program files (x86)/atollic/truestudio for stm32 9.2.0/armtools/bin/../lib/gcc/arm-atollic-eabi/6.3.1/armv6-m\libgcc.a(_divsi3.o)
 .ARM.attributes
                0x00000c1e       0x1e c:/program files (x86)/atollic/truestudio for stm32 9.2.0/armtools/bin/../lib/gcc/arm-atollic-eabi/6.3.1/armv6-m\libgcc.a(_dvmd_tls.o)
 .ARM.attributes
                0x00000c3c       0x1e c:/program files (x86)/atollic/truestudio for stm32 9.2.0/armtools/bin/../lib/gcc/arm-atollic-eabi/6.3.1/armv6-m\libgcc.a(_arm_cmpdf2.o)
 .ARM.attributes
                0x00000c5a       0x1e c:/program files (x86)/atollic/truestudio for stm32 9.2.0/armtools/bin/../lib/gcc/arm-atollic-eabi/6.3.1/armv6-m\libgcc.a(_aeabi_uldivmod.o)
 .ARM.attributes
                0x00000c78       0x2c c:/program files (x86)/atollic/truestudio for stm32 9.2.0/armtools/bin/../lib/gcc/arm-atollic-eabi/6.3.1/armv6-m\libgcc.a(_fixunsdfsi.o)
 .ARM.attributes
                0x00000ca4       0x2c c:/program files (x86)/atollic/truestudio for stm32 9.2.0/armtools/bin/../lib/gcc/arm-atollic-eabi/6.3.1/armv6-m\libgcc.a(_udivmoddi4.o)
 .ARM.attributes
                0x00000cd0       0x2c c:/program files (x86)/atollic/truestudio for stm32 9.2.0/armtools/bin/../lib/gcc/arm-atollic-eabi/6.3.1/armv6-m\libgcc.a(adddf3.o)
 .ARM.attributes
                0x00000cfc       0x2c c:/program files (x86)/atollic/truestudio for stm32 9.2.0/armtools/bin/../lib/gcc/arm-atollic-eabi/6.3.1/armv6-m\libgcc.a(divdf3.o)
 .ARM.attributes
                0x00000d28       0x2c c:/program files (x86)/atollic/truestudio for stm32 9.2.0/armtools/bin/../lib/gcc/arm-atollic-eabi/6.3.1/armv6-m\libgcc.a(eqdf2.o)
 .ARM.attributes
                0x00000d54       0x2c c:/program files (x86)/atollic/truestudio for stm32 9.2.0/armtools/bin/../lib/gcc/arm-atollic-eabi/6.3.1/armv6-m\libgcc.a(gedf2.o)
 .ARM.attributes
                0x00000d80       0x2c c:/program files (x86)/atollic/truestudio for stm32 9.2.0/armtools/bin/../lib/gcc/arm-atollic-eabi/6.3.1/armv6-m\libgcc.a(ledf2.o)
 .ARM.attributes
                0x00000dac       0x2c c:/program files (x86)/atollic/truestudio for stm32 9.2.0/armtools/bin/../lib/gcc/arm-atollic-eabi/6.3.1/armv6-m\libgcc.a(muldf3.o)
 .ARM.attributes
                0x00000dd8       0x2c c:/program files (x86)/atollic/truestudio for stm32 9.2.0/armtools/bin/../lib/gcc/arm-atollic-eabi/6.3.1/armv6-m\libgcc.a(subdf3.o)
 .ARM.attributes
                0x00000e04       0x2c c:/program files (x86)/atollic/truestudio for stm32 9.2.0/armtools/bin/../lib/gcc/arm-atollic-eabi/6.3.1/armv6-m\libgcc.a(unorddf2.o)
 .ARM.attributes
                0x00000e30       0x2c c:/program files (x86)/atollic/truestudio for stm32 9.2.0/armtools/bin/../lib/gcc/arm-atollic-eabi/6.3.1/armv6-m\libgcc.a(fixdfsi.o)
 .ARM.attributes
                0x00000e5c       0x2c c:/program files (x86)/atollic/truestudio for stm32 9.2.0/armtools/bin/../lib/gcc/arm-atollic-eabi/6.3.1/armv6-m\libgcc.a(floatsidf.o)
 .ARM.attributes
                0x00000e88       0x2c c:/program files (x86)/atollic/truestudio for stm32 9.2.0/armtools/bin/../lib/gcc/arm-atollic-eabi/6.3.1/armv6-m\libgcc.a(floatunsidf.o)
 .ARM.attributes
                0x00000eb4       0x1e c:/program files (x86)/atollic/truestudio for stm32 9.2.0/armtools/bin/../lib/gcc/arm-atollic-eabi/6.3.1/armv6-m\libgcc.a(_clzsi2.o)
 .ARM.attributes
                0x00000ed2       0x1e c:/program files (x86)/atollic/truestudio for stm32 9.2.0/armtools/bin/../lib/gcc/arm-atollic-eabi/6.3.1/armv6-m\libgcc.a(_clzdi2.o)
 .ARM.attributes
                0x00000ef0       0x2c c:/program files (x86)/atollic/truestudio for stm32 9.2.0/armtools/bin/../lib/gcc/arm-atollic-eabi/6.3.1/../../../../arm-atollic-eabi/lib/armv6-m\libnosys.a(sbrk.o)
 .ARM.attributes
                0x00000f1c       0x1e c:/program files (x86)/atollic/truestudio for stm32 9.2.0/armtools/bin/../lib/gcc/arm-atollic-eabi/6.3.1/armv6-m/crtn.o
OUTPUT(iris-node-radio-test-util.elf elf32-littlearm)

.debug_info     0x00000000    0x286a5
 .debug_info    0x00000000     0x1208 Drivers\BSP\B_L072Z_LRWAN1\b-l072z-lrwan1.o
 .debug_info    0x00001208     0x3a4d Drivers\BSP\Components\sx1276.o
 .debug_info    0x00004c55     0x19d4 Drivers\BSP\MLM32L07X01\mlm32l07x01.o
 .debug_info    0x00006629      0xba2 Drivers\CMSIS\system_stm32l0xx.o
 .debug_info    0x000071cb     0x1010 Drivers\STM32L0xx_HAL_Driver\stm32l0xx_hal.o
 .debug_info    0x000081db     0x16e5 Drivers\STM32L0xx_HAL_Driver\stm32l0xx_hal_adc.o
 .debug_info    0x000098c0      0xfc1 Drivers\STM32L0xx_HAL_Driver\stm32l0xx_hal_comp.o
 .debug_info    0x0000a881     0x111f Drivers\STM32L0xx_HAL_Driver\stm32l0xx_hal_cortex.o
 .debug_info    0x0000b9a0      0xede Drivers\STM32L0xx_HAL_Driver\stm32l0xx_hal_gpio.o
 .debug_info    0x0000c87e      0xe6b Drivers\STM32L0xx_HAL_Driver\stm32l0xx_hal_pwr.o
 .debug_info    0x0000d6e9      0xa3c Drivers\STM32L0xx_HAL_Driver\stm32l0xx_hal_pwr_ex.o
 .debug_info    0x0000e125     0x13e4 Drivers\STM32L0xx_HAL_Driver\stm32l0xx_hal_rcc.o
 .debug_info    0x0000f509     0x1133 Drivers\STM32L0xx_HAL_Driver\stm32l0xx_hal_rcc_ex.o
 .debug_info    0x0001063c     0x1586 Drivers\STM32L0xx_HAL_Driver\stm32l0xx_hal_rtc.o
 .debug_info    0x00011bc2     0x18b1 Drivers\STM32L0xx_HAL_Driver\stm32l0xx_hal_rtc_ex.o
 .debug_info    0x00013473     0x1db3 Drivers\STM32L0xx_HAL_Driver\stm32l0xx_hal_spi.o
 .debug_info    0x00015226     0x220c Drivers\STM32L0xx_HAL_Driver\stm32l0xx_hal_uart.o
 .debug_info    0x00017432      0x9ee Middlewares\Lora\Utilities\delay.o
 .debug_info    0x00017e20      0xcac Middlewares\Lora\Utilities\low_power_manager.o
 .debug_info    0x00018acc     0x10e7 Middlewares\Lora\Utilities\timeServer.o
 .debug_info    0x00019bb3      0xafd Middlewares\Lora\Utilities\utilities.o
 .debug_info    0x0001a6b0       0xca Projects\SW4STM32\startup_stm32l072xx.o
 .debug_info    0x0001a77a      0xd3b Projects\src\debug.o
 .debug_info    0x0001b4b5      0xa18 Projects\src\ev_queue.o
 .debug_info    0x0001becd     0x100c Projects\src\hw_gpio.o
 .debug_info    0x0001ced9     0x1a72 Projects\src\hw_rtc.o
 .debug_info    0x0001e94b     0x138b Projects\src\hw_spi.o
 .debug_info    0x0001fcd6     0x1d8d Projects\src\main.o
 .debug_info    0x00021a63     0x12c8 Projects\src\mlm32l0xx_hal_msp.o
 .debug_info    0x00022d2b     0x2302 Projects\src\mlm32l0xx_hw.o
 .debug_info    0x0002502d      0xdc2 Projects\src\mlm32l0xx_it.o
 .debug_info    0x00025def     0x10fa Projects\src\node_msgs.o
 .debug_info    0x00026ee9     0x17bc Projects\src\vcom.o

.debug_abbrev   0x00000000     0x5596
 .debug_abbrev  0x00000000      0x2cd Drivers\BSP\B_L072Z_LRWAN1\b-l072z-lrwan1.o
 .debug_abbrev  0x000002cd      0x40d Drivers\BSP\Components\sx1276.o
 .debug_abbrev  0x000006da      0x2fb Drivers\BSP\MLM32L07X01\mlm32l07x01.o
 .debug_abbrev  0x000009d5      0x1cd Drivers\CMSIS\system_stm32l0xx.o
 .debug_abbrev  0x00000ba2      0x2ab Drivers\STM32L0xx_HAL_Driver\stm32l0xx_hal.o
 .debug_abbrev  0x00000e4d      0x28d Drivers\STM32L0xx_HAL_Driver\stm32l0xx_hal_adc.o
 .debug_abbrev  0x000010da      0x2a8 Drivers\STM32L0xx_HAL_Driver\stm32l0xx_hal_comp.o
 .debug_abbrev  0x00001382      0x2fd Drivers\STM32L0xx_HAL_Driver\stm32l0xx_hal_cortex.o
 .debug_abbrev  0x0000167f      0x255 Drivers\STM32L0xx_HAL_Driver\stm32l0xx_hal_gpio.o
 .debug_abbrev  0x000018d4      0x231 Drivers\STM32L0xx_HAL_Driver\stm32l0xx_hal_pwr.o
 .debug_abbrev  0x00001b05      0x1ee Drivers\STM32L0xx_HAL_Driver\stm32l0xx_hal_pwr_ex.o
 .debug_abbrev  0x00001cf3      0x2db Drivers\STM32L0xx_HAL_Driver\stm32l0xx_hal_rcc.o
 .debug_abbrev  0x00001fce      0x285 Drivers\STM32L0xx_HAL_Driver\stm32l0xx_hal_rcc_ex.o
 .debug_abbrev  0x00002253      0x26e Drivers\STM32L0xx_HAL_Driver\stm32l0xx_hal_rtc.o
 .debug_abbrev  0x000024c1      0x27d Drivers\STM32L0xx_HAL_Driver\stm32l0xx_hal_rtc_ex.o
 .debug_abbrev  0x0000273e      0x2b6 Drivers\STM32L0xx_HAL_Driver\stm32l0xx_hal_spi.o
 .debug_abbrev  0x000029f4      0x2e7 Drivers\STM32L0xx_HAL_Driver\stm32l0xx_hal_uart.o
 .debug_abbrev  0x00002cdb      0x1f5 Middlewares\Lora\Utilities\delay.o
 .debug_abbrev  0x00002ed0      0x2ba Middlewares\Lora\Utilities\low_power_manager.o
 .debug_abbrev  0x0000318a      0x3cd Middlewares\Lora\Utilities\timeServer.o
 .debug_abbrev  0x00003557      0x20f Middlewares\Lora\Utilities\utilities.o
 .debug_abbrev  0x00003766       0x12 Projects\SW4STM32\startup_stm32l072xx.o
 .debug_abbrev  0x00003778      0x230 Projects\src\debug.o
 .debug_abbrev  0x000039a8      0x1ea Projects\src\ev_queue.o
 .debug_abbrev  0x00003b92      0x295 Projects\src\hw_gpio.o
 .debug_abbrev  0x00003e27      0x36b Projects\src\hw_rtc.o
 .debug_abbrev  0x00004192      0x28c Projects\src\hw_spi.o
 .debug_abbrev  0x0000441e      0x334 Projects\src\main.o
 .debug_abbrev  0x00004752      0x24b Projects\src\mlm32l0xx_hal_msp.o
 .debug_abbrev  0x0000499d      0x3fe Projects\src\mlm32l0xx_hw.o
 .debug_abbrev  0x00004d9b      0x247 Projects\src\mlm32l0xx_it.o
 .debug_abbrev  0x00004fe2      0x253 Projects\src\node_msgs.o
 .debug_abbrev  0x00005235      0x361 Projects\src\vcom.o

.debug_loc      0x00000000     0xb3db
 .debug_loc     0x00000000      0x133 Drivers\BSP\B_L072Z_LRWAN1\b-l072z-lrwan1.o
 .debug_loc     0x00000133     0x13b0 Drivers\BSP\Components\sx1276.o
 .debug_loc     0x000014e3      0x294 Drivers\BSP\MLM32L07X01\mlm32l07x01.o
 .debug_loc     0x00001777      0x1cf Drivers\CMSIS\system_stm32l0xx.o
 .debug_loc     0x00001946       0xac Drivers\STM32L0xx_HAL_Driver\stm32l0xx_hal.o
 .debug_loc     0x000019f2      0xbb3 Drivers\STM32L0xx_HAL_Driver\stm32l0xx_hal_adc.o