stm32l0xx_hal_rtc_ex.c:171:19:HAL_RTCEx_SetTimeStamp	20	static
stm32l0xx_hal_rtc_ex.c:226:19:HAL_RTCEx_SetTimeStamp_IT	20	static
stm32l0xx_hal_rtc_ex.c:276:19:HAL_RTCEx_DeactivateTimeStamp	16	static
stm32l0xx_hal_rtc_ex.c:320:19:HAL_RTCEx_GetTimeStamp	32	static
stm32l0xx_hal_rtc_ex.c:371:19:HAL_RTCEx_SetTamper	12	static
stm32l0xx_hal_rtc_ex.c:524:19:HAL_RTCEx_SetTamper_IT	12	static
stm32l0xx_hal_rtc_ex.c:684:19:HAL_RTCEx_DeactivateTamper	8	static
stm32l0xx_hal_rtc_ex.c:838:13:HAL_RTCEx_TimeStampEventCallback	0	static
stm32l0xx_hal_rtc_ex.c:853:13:HAL_RTCEx_Tamper1EventCallback	0	static
stm32l0xx_hal_rtc_ex.c:868:13:HAL_RTCEx_Tamper2EventCallback	0	static
stm32l0xx_hal_rtc_ex.c:888:13:HAL_RTCEx_Tamper3EventCallback	0	static
stm32l0xx_hal_rtc_ex.c:747:6:HAL_RTCEx_TamperTimeStampIRQHandler	8	static
stm32l0xx_hal_rtc_ex.c:909:19:HAL_RTCEx_PollForTimeStampEvent	16	static
stm32l0xx_hal_rtc_ex.c:953:19:HAL_RTCEx_PollForTamper1Event	16	static
stm32l0xx_hal_rtc_ex.c:991:19:HAL_RTCEx_PollForTamper2Event	16	static
stm32l0xx_hal_rtc_ex.c:1028:19:HAL_RTCEx_PollForTamper3Event	16	static
stm32l0xx_hal_rtc_ex.c:1082:19:HAL_RTCEx_SetWakeUpTimer	24	static
stm32l0xx_hal_rtc_ex.c:1171:19:HAL_RTCEx_SetWakeUpTimer_IT	24	static
stm32l0xx_hal_rtc_ex.c:1269:10:HAL_RTCEx_DeactivateWakeUpTimer	16	static
stm32l0xx_hal_rtc_ex.c:1321:10:HAL_RTCEx_GetWakeUpTimer	0	static
stm32l0xx_hal_rtc_ex.c:1357:13:HAL_RTCEx_WakeUpTimerEventCallback	0	static
stm32l0xx_hal_rtc_ex.c:1332:6:HAL_RTCEx_WakeUpTimerIRQHandler	8	static
stm32l0xx_hal_rtc_ex.c:1374:19:HAL_RTCEx_PollForWakeUpTimerEvent	16	static
stm32l0xx_hal_rtc_ex.c:1440:6:HAL_RTCEx_BKUPWrite	0	static
stm32l0xx_hal_rtc_ex.c:1462:10:HAL_RTCEx_BKUPRead	0	static
stm32l0xx_hal_rtc_ex.c:1477:19:HAL_RTCEx_ReadCalibrationParameters	8	static
stm32l0xx_hal_rtc_ex.c:1540:19:HAL_RTCEx_SetSmoothCalib	32	static
stm32l0xx_hal_rtc_ex.c:1608:19:HAL_RTCEx_SetSynchroShift	24	static
stm32l0xx_hal_rtc_ex.c:1701:19:HAL_RTCEx_SetCalibrationOutPut	20	static
stm32l0xx_hal_rtc_ex.c:1739:19:HAL_RTCEx_DeactivateCalibrationOutPut	16	static
stm32l0xx_hal_rtc_ex.c:1768:19:HAL_RTCEx_SetRefClock	8	static
stm32l0xx_hal_rtc_ex.c:1817:19:HAL_RTCEx_DeactivateRefClock	8	static
stm32l0xx_hal_rtc_ex.c:1868:19:HAL_RTCEx_EnableBypassShadow	12	static
stm32l0xx_hal_rtc_ex.c:1900:19:HAL_RTCEx_DisableBypassShadow	16	static
stm32l0xx_hal_rtc_ex.c:1949:13:HAL_RTCEx_AlarmBEventCallback	0	static
stm32l0xx_hal_rtc_ex.c:1965:19:HAL_RTCEx_PollForAlarmBEvent	16	static
