sx1276.c:423:16:GetFskBandwidthRegValue	8	static
sx1276.c:1909:6:SX1276OnDio4Irq	0	static
sx1276.c:245:6:SX1276BoardInit	0	static
sx1276.c:288:14:SX1276GetStatus	0	static
sx1276.c:1243:6:SX1276Reset	32	static
sx1276.c:1343:6:SX1276WriteBuffer	16	static
sx1276.c:1331:6:SX1276Write	16	static
sx1276.c:293:6:SX1276SetChannel	16	static
sx1276.c:1360:6:SX1276ReadBuffer	24	static
sx1276.c:1336:9:SX1276Read	16	static
sx1276.c:378:6:RxChainCalibration	16	static
sx1276.c:746:10:SX1276GetTimeOnAir	40	static
sx1276.c:1215:9:SX1276ReadRssi	8	static
sx1276.c:1266:6:SX1276SetOpMode	16	static
sx1276.c:903:6:SX1276SetSleep	8	static
sx1276.c:912:6:SX1276SetStby	8	static
sx1276.c:921:6:SX1276SetRx	16	static
sx1276.c:1091:6:SX1276SetTx	8	static
sx1276.c:1156:6:SX1276StartCad	8	static
sx1276.c:1288:6:SX1276SetModem	8	static
sx1276.c:250:10:SX1276Init	16	static
sx1276.c:306:6:SX1276IsChannelFree	24	static
sx1276.c:337:10:SX1276Random	16	static
sx1276.c:439:6:SX1276SetRxConfig	72	static
sx1276.c:611:6:SX1276SetTxConfig	56	static
sx1276.c:1191:6:SX1276SetTxContinuousWave	56	static
sx1276.c:1799:6:SX1276OnDio2Irq	16	static
sx1276.c:1876:6:SX1276OnDio3Irq	8	static
sx1276.c:1378:6:SX1276WriteFifo	8	static
sx1276.c:827:6:SX1276Send	24	static
sx1276.c:1383:6:SX1276ReadFifo	8	static
sx1276.c:1510:6:SX1276OnDio0Irq	24	static
sx1276.c:1718:6:SX1276OnDio1Irq	8	static
sx1276.c:1388:6:SX1276SetMaxPayloadLength	16	static
sx1276.c:1408:6:SX1276SetPublicNetwork	8	static
sx1276.c:1429:6:SX1276OnTimeoutIrq	16	static
sx1276.c:1424:10:SX1276GetRadioWakeUpTime	8	static
sx1276.c:1930:6:SX1276OnDio5Irq	0	static
